==================================================
Running block_pipeline_calcopt_55sp_np8_rep3
Binary: ./bin/Debug/protspam_block_pipeline_calcopt
Variant: block_pipeline_calcopt
Phase 3 distribution: block
Phase 4 mode: pipeline
calc_matches: calcopt
Filelist: filelist_55
Species: 55
NP: 8
Rep: 3
SLURM_JOB_ID: 8390281
SLURM_JOB_NUM_NODES: 1
SLURM_NTASKS: 64
SLURM_MEM_PER_NODE: 65536
SLURM_NODELIST: ilk-125
Start: Sun Jul 12 04:57:29 AM CEST 2026
==================================================
-----Parameters used------
Weight: 6
Number of don't-care positions: 40
Threshold: 0
Number of patterns: 5
Filename for distance matrix: results_variants_55/DMat_block_pipeline_calcopt_55sp_np8_rep3_8390281
--------------------------

===== ETAPA 1: Carga de patrones =====
Cargando patrones desde archivo: patterns_clean.txt
Patrones generados (5):
  Pattern 0: 1000010000000100000000000000100000000000001001
  Pattern 1: 0100001000000010000000000001000000000000010100
  Pattern 2: 0010000100000001000000000010000000000000100010
  Pattern 3: 0001000010000000100000000100000000000001000100
  Pattern 4: 0000100001000000010000001000000000000010001000

===== ETAPA 2: Parsing de secuencias =====
Carpeta detectada con 55 archivos.
Numero de especies: 55

===== ETAPA 3: Calculando spaced-words con MPI =====
Tiempo spaced-words: 86.6816 s

===== ETAPA 4: Calculando matches con MPI =====
Tiempo matches: 641.614 s

===== ETAPA 5: Guardando matriz de distancias =====

===== RESUMEN =====
Tiempo total: 745.139 s
End: Sun Jul 12 05:09:57 AM CEST 2026
Elapsed seconds: 748
Exit code: 0
