slurmstepd: info: Setting TMPDIR to /scratch/8387520. Previous errors about TMPDIR can be discarded
==================================================
Running block_pipeline_calcbase_55sp_np1_rep1
Binary: ./bin/Debug/protspam_block_pipeline_calcbase
Variant: block_pipeline_calcbase
Phase 3 distribution: block
Phase 4 mode: pipeline
calc_matches: calcbase
Filelist: filelist_55
Species: 55
NP: 1
Rep: 1
SLURM_JOB_ID: 8387520
SLURM_JOB_NUM_NODES: 1
SLURM_NTASKS: 64
SLURM_MEM_PER_NODE: 65536
SLURM_NODELIST: ilk-236
Start: Sat Jul 11 04:37:34 PM CEST 2026
==================================================
==================================================
Running block_pipeline_calcbase_55sp_np1_rep2
Binary: ./bin/Debug/protspam_block_pipeline_calcbase
Variant: block_pipeline_calcbase
Phase 3 distribution: block
Phase 4 mode: pipeline
calc_matches: calcbase
Filelist: filelist_55
Species: 55
NP: 1
Rep: 2
SLURM_JOB_ID: 8387520
SLURM_JOB_NUM_NODES: 1
SLURM_NTASKS: 64
SLURM_MEM_PER_NODE: 65536
SLURM_NODELIST: ilk-236
Start: Sat Jul 11 05:24:37 PM CEST 2026
==================================================
==================================================
Running block_pipeline_calcbase_55sp_np1_rep3
Binary: ./bin/Debug/protspam_block_pipeline_calcbase
Variant: block_pipeline_calcbase
Phase 3 distribution: block
Phase 4 mode: pipeline
calc_matches: calcbase
Filelist: filelist_55
Species: 55
NP: 1
Rep: 3
SLURM_JOB_ID: 8387520
SLURM_JOB_NUM_NODES: 1
SLURM_NTASKS: 64
SLURM_MEM_PER_NODE: 65536
SLURM_NODELIST: ilk-236
Start: Sat Jul 11 06:10:38 PM CEST 2026
==================================================
==================================================
Running block_pipeline_calcbase_55sp_np2_rep1
Binary: ./bin/Debug/protspam_block_pipeline_calcbase
Variant: block_pipeline_calcbase
Phase 3 distribution: block
Phase 4 mode: pipeline
calc_matches: calcbase
Filelist: filelist_55
Species: 55
NP: 2
Rep: 1
SLURM_JOB_ID: 8387520
SLURM_JOB_NUM_NODES: 1
SLURM_NTASKS: 64
SLURM_MEM_PER_NODE: 65536
SLURM_NODELIST: ilk-236
Start: Sat Jul 11 06:56:32 PM CEST 2026
==================================================
==================================================
Running block_pipeline_calcbase_55sp_np2_rep2
Binary: ./bin/Debug/protspam_block_pipeline_calcbase
Variant: block_pipeline_calcbase
Phase 3 distribution: block
Phase 4 mode: pipeline
calc_matches: calcbase
Filelist: filelist_55
Species: 55
NP: 2
Rep: 2
SLURM_JOB_ID: 8387520
SLURM_JOB_NUM_NODES: 1
SLURM_NTASKS: 64
SLURM_MEM_PER_NODE: 65536
SLURM_NODELIST: ilk-236
Start: Sat Jul 11 07:19:46 PM CEST 2026
==================================================
==================================================
Running block_pipeline_calcbase_55sp_np2_rep3
Binary: ./bin/Debug/protspam_block_pipeline_calcbase
Variant: block_pipeline_calcbase
Phase 3 distribution: block
Phase 4 mode: pipeline
calc_matches: calcbase
Filelist: filelist_55
Species: 55
NP: 2
Rep: 3
SLURM_JOB_ID: 8387520
SLURM_JOB_NUM_NODES: 1
SLURM_NTASKS: 64
SLURM_MEM_PER_NODE: 65536
SLURM_NODELIST: ilk-236
Start: Sat Jul 11 07:42:59 PM CEST 2026
==================================================
==================================================
Running block_pipeline_calcbase_55sp_np4_rep1
Binary: ./bin/Debug/protspam_block_pipeline_calcbase
Variant: block_pipeline_calcbase
Phase 3 distribution: block
Phase 4 mode: pipeline
calc_matches: calcbase
Filelist: filelist_55
Species: 55
NP: 4
Rep: 1
SLURM_JOB_ID: 8387520
SLURM_JOB_NUM_NODES: 1
SLURM_NTASKS: 64
SLURM_MEM_PER_NODE: 65536
SLURM_NODELIST: ilk-236
Start: Sat Jul 11 08:06:11 PM CEST 2026
==================================================
==================================================
Running block_pipeline_calcbase_55sp_np4_rep2
Binary: ./bin/Debug/protspam_block_pipeline_calcbase
Variant: block_pipeline_calcbase
Phase 3 distribution: block
Phase 4 mode: pipeline
calc_matches: calcbase
Filelist: filelist_55
Species: 55
NP: 4
Rep: 2
SLURM_JOB_ID: 8387520
SLURM_JOB_NUM_NODES: 1
SLURM_NTASKS: 64
SLURM_MEM_PER_NODE: 65536
SLURM_NODELIST: ilk-236
Start: Sat Jul 11 08:21:17 PM CEST 2026
==================================================
==================================================
Running block_pipeline_calcbase_55sp_np4_rep3
Binary: ./bin/Debug/protspam_block_pipeline_calcbase
Variant: block_pipeline_calcbase
Phase 3 distribution: block
Phase 4 mode: pipeline
calc_matches: calcbase
Filelist: filelist_55
Species: 55
NP: 4
Rep: 3
SLURM_JOB_ID: 8387520
SLURM_JOB_NUM_NODES: 1
SLURM_NTASKS: 64
SLURM_MEM_PER_NODE: 65536
SLURM_NODELIST: ilk-236
Start: Sat Jul 11 08:36:23 PM CEST 2026
==================================================
==================================================
Running block_pipeline_calcbase_55sp_np8_rep1
Binary: ./bin/Debug/protspam_block_pipeline_calcbase
Variant: block_pipeline_calcbase
Phase 3 distribution: block
Phase 4 mode: pipeline
calc_matches: calcbase
Filelist: filelist_55
Species: 55
NP: 8
Rep: 1
SLURM_JOB_ID: 8387520
SLURM_JOB_NUM_NODES: 1
SLURM_NTASKS: 64
SLURM_MEM_PER_NODE: 65536
SLURM_NODELIST: ilk-236
Start: Sat Jul 11 08:51:29 PM CEST 2026
==================================================
==================================================
Running block_pipeline_calcbase_55sp_np8_rep2
Binary: ./bin/Debug/protspam_block_pipeline_calcbase
Variant: block_pipeline_calcbase
Phase 3 distribution: block
Phase 4 mode: pipeline
calc_matches: calcbase
Filelist: filelist_55
Species: 55
NP: 8
Rep: 2
SLURM_JOB_ID: 8387520
SLURM_JOB_NUM_NODES: 1
SLURM_NTASKS: 64
SLURM_MEM_PER_NODE: 65536
SLURM_NODELIST: ilk-236
Start: Sat Jul 11 09:03:57 PM CEST 2026
==================================================
==================================================
Running block_pipeline_calcbase_55sp_np8_rep3
Binary: ./bin/Debug/protspam_block_pipeline_calcbase
Variant: block_pipeline_calcbase
Phase 3 distribution: block
Phase 4 mode: pipeline
calc_matches: calcbase
Filelist: filelist_55
Species: 55
NP: 8
Rep: 3
SLURM_JOB_ID: 8387520
SLURM_JOB_NUM_NODES: 1
SLURM_NTASKS: 64
SLURM_MEM_PER_NODE: 65536
SLURM_NODELIST: ilk-236
Start: Sat Jul 11 09:16:27 PM CEST 2026
==================================================
==================================================
Running block_pipeline_calcbase_55sp_np16_rep1
Binary: ./bin/Debug/protspam_block_pipeline_calcbase
Variant: block_pipeline_calcbase
Phase 3 distribution: block
Phase 4 mode: pipeline
calc_matches: calcbase
Filelist: filelist_55
Species: 55
NP: 16
Rep: 1
SLURM_JOB_ID: 8387520
SLURM_JOB_NUM_NODES: 1
SLURM_NTASKS: 64
SLURM_MEM_PER_NODE: 65536
SLURM_NODELIST: ilk-236
Start: Sat Jul 11 09:28:55 PM CEST 2026
==================================================
==================================================
Running block_pipeline_calcbase_55sp_np16_rep2
Binary: ./bin/Debug/protspam_block_pipeline_calcbase
Variant: block_pipeline_calcbase
Phase 3 distribution: block
Phase 4 mode: pipeline
calc_matches: calcbase
Filelist: filelist_55
Species: 55
NP: 16
Rep: 2
SLURM_JOB_ID: 8387520
SLURM_JOB_NUM_NODES: 1
SLURM_NTASKS: 64
SLURM_MEM_PER_NODE: 65536
SLURM_NODELIST: ilk-236
Start: Sat Jul 11 09:39:51 PM CEST 2026
==================================================
==================================================
Running block_pipeline_calcbase_55sp_np16_rep3
Binary: ./bin/Debug/protspam_block_pipeline_calcbase
Variant: block_pipeline_calcbase
Phase 3 distribution: block
Phase 4 mode: pipeline
calc_matches: calcbase
Filelist: filelist_55
Species: 55
NP: 16
Rep: 3
SLURM_JOB_ID: 8387520
SLURM_JOB_NUM_NODES: 1
SLURM_NTASKS: 64
SLURM_MEM_PER_NODE: 65536
SLURM_NODELIST: ilk-236
Start: Sat Jul 11 09:50:46 PM CEST 2026
==================================================
==================================================
Running block_pipeline_calcbase_55sp_np32_rep1
Binary: ./bin/Debug/protspam_block_pipeline_calcbase
Variant: block_pipeline_calcbase
Phase 3 distribution: block
Phase 4 mode: pipeline
calc_matches: calcbase
Filelist: filelist_55
Species: 55
NP: 32
Rep: 1
SLURM_JOB_ID: 8387520
SLURM_JOB_NUM_NODES: 1
SLURM_NTASKS: 64
SLURM_MEM_PER_NODE: 65536
SLURM_NODELIST: ilk-236
Start: Sat Jul 11 10:01:40 PM CEST 2026
==================================================
==================================================
Running block_pipeline_calcbase_55sp_np32_rep2
Binary: ./bin/Debug/protspam_block_pipeline_calcbase
Variant: block_pipeline_calcbase
Phase 3 distribution: block
Phase 4 mode: pipeline
calc_matches: calcbase
Filelist: filelist_55
Species: 55
NP: 32
Rep: 2
SLURM_JOB_ID: 8387520
SLURM_JOB_NUM_NODES: 1
SLURM_NTASKS: 64
SLURM_MEM_PER_NODE: 65536
SLURM_NODELIST: ilk-236
Start: Sat Jul 11 10:14:46 PM CEST 2026
==================================================
==================================================
Running block_pipeline_calcbase_55sp_np32_rep3
Binary: ./bin/Debug/protspam_block_pipeline_calcbase
Variant: block_pipeline_calcbase
Phase 3 distribution: block
Phase 4 mode: pipeline
calc_matches: calcbase
Filelist: filelist_55
Species: 55
NP: 32
Rep: 3
SLURM_JOB_ID: 8387520
SLURM_JOB_NUM_NODES: 1
SLURM_NTASKS: 64
SLURM_MEM_PER_NODE: 65536
SLURM_NODELIST: ilk-236
Start: Sat Jul 11 10:27:54 PM CEST 2026
==================================================
==================================================
Running block_pipeline_calcbase_55sp_np64_rep1
Binary: ./bin/Debug/protspam_block_pipeline_calcbase
Variant: block_pipeline_calcbase
Phase 3 distribution: block
Phase 4 mode: pipeline
calc_matches: calcbase
Filelist: filelist_55
Species: 55
NP: 64
Rep: 1
SLURM_JOB_ID: 8387520
SLURM_JOB_NUM_NODES: 1
SLURM_NTASKS: 64
SLURM_MEM_PER_NODE: 65536
SLURM_NODELIST: ilk-236
Start: Sat Jul 11 10:41:02 PM CEST 2026
==================================================
==================================================
Running block_pipeline_calcbase_55sp_np64_rep2
Binary: ./bin/Debug/protspam_block_pipeline_calcbase
Variant: block_pipeline_calcbase
Phase 3 distribution: block
Phase 4 mode: pipeline
calc_matches: calcbase
Filelist: filelist_55
Species: 55
NP: 64
Rep: 2
SLURM_JOB_ID: 8387520
SLURM_JOB_NUM_NODES: 1
SLURM_NTASKS: 64
SLURM_MEM_PER_NODE: 65536
SLURM_NODELIST: ilk-236
Start: Sat Jul 11 11:00:32 PM CEST 2026
==================================================
==================================================
Running block_pipeline_calcbase_55sp_np64_rep3
Binary: ./bin/Debug/protspam_block_pipeline_calcbase
Variant: block_pipeline_calcbase
Phase 3 distribution: block
Phase 4 mode: pipeline
calc_matches: calcbase
Filelist: filelist_55
Species: 55
NP: 64
Rep: 3
SLURM_JOB_ID: 8387520
SLURM_JOB_NUM_NODES: 1
SLURM_NTASKS: 64
SLURM_MEM_PER_NODE: 65536
SLURM_NODELIST: ilk-236
Start: Sat Jul 11 11:19:59 PM CEST 2026
==================================================
==================================================
Resumen guardado en: logs_variants_55/resumen_block_pipeline_calcbase_8387520.tsv
==================================================
variant	bin_name	phase3_dist	phase4_mode	calc_variant	job_id	nodes	ntasks_alloc	species	np	rep	status	exit_code	t_phase3_s	t_phase4_s	t_total_program_s	elapsed_seconds	mem_per_node	nodelist	log_file	output_file
block_pipeline_calcbase	protspam_block_pipeline_calcbase	block	pipeline	calcbase	8387520	1	64	55	1	1	OK	0	818.786	1983.66	2818.17	2823	65536	ilk-236	logs_variants_55/block_pipeline_calcbase_55sp_np1_rep1_8387520.log	results_variants_55/DMat_block_pipeline_calcbase_55sp_np1_rep1_8387520
block_pipeline_calcbase	protspam_block_pipeline_calcbase	block	pipeline	calcbase	8387520	1	64	55	1	2	OK	0	768.222	1972.86	2756.82	2761	65536	ilk-236	logs_variants_55/block_pipeline_calcbase_55sp_np1_rep2_8387520.log	results_variants_55/DMat_block_pipeline_calcbase_55sp_np1_rep2_8387520
block_pipeline_calcbase	protspam_block_pipeline_calcbase	block	pipeline	calcbase	8387520	1	64	55	1	3	OK	0	763.946	1971.53	2751.19	2754	65536	ilk-236	logs_variants_55/block_pipeline_calcbase_55sp_np1_rep3_8387520.log	results_variants_55/DMat_block_pipeline_calcbase_55sp_np1_rep3_8387520
block_pipeline_calcbase	protspam_block_pipeline_calcbase	block	pipeline	calcbase	8387520	1	64	55	2	1	OK	0	348.271	1026.09	1391.3	1394	65536	ilk-236	logs_variants_55/block_pipeline_calcbase_55sp_np2_rep1_8387520.log	results_variants_55/DMat_block_pipeline_calcbase_55sp_np2_rep1_8387520
block_pipeline_calcbase	protspam_block_pipeline_calcbase	block	pipeline	calcbase	8387520	1	64	55	2	2	OK	0	348.058	1026.11	1390.12	1392	65536	ilk-236	logs_variants_55/block_pipeline_calcbase_55sp_np2_rep2_8387520.log	results_variants_55/DMat_block_pipeline_calcbase_55sp_np2_rep2_8387520
block_pipeline_calcbase	protspam_block_pipeline_calcbase	block	pipeline	calcbase	8387520	1	64	55	2	3	OK	0	348.172	1026.14	1390.22	1392	65536	ilk-236	logs_variants_55/block_pipeline_calcbase_55sp_np2_rep3_8387520.log	results_variants_55/DMat_block_pipeline_calcbase_55sp_np2_rep3_8387520
block_pipeline_calcbase	protspam_block_pipeline_calcbase	block	pipeline	calcbase	8387520	1	64	55	4	1	OK	0	145.134	741.56	903.429	906	65536	ilk-236	logs_variants_55/block_pipeline_calcbase_55sp_np4_rep1_8387520.log	results_variants_55/DMat_block_pipeline_calcbase_55sp_np4_rep1_8387520
block_pipeline_calcbase	protspam_block_pipeline_calcbase	block	pipeline	calcbase	8387520	1	64	55	4	2	OK	0	145.537	741.496	903.763	906	65536	ilk-236	logs_variants_55/block_pipeline_calcbase_55sp_np4_rep2_8387520.log	results_variants_55/DMat_block_pipeline_calcbase_55sp_np4_rep2_8387520
block_pipeline_calcbase	protspam_block_pipeline_calcbase	block	pipeline	calcbase	8387520	1	64	55	4	3	OK	0	145.375	741.315	903.427	906	65536	ilk-236	logs_variants_55/block_pipeline_calcbase_55sp_np4_rep3_8387520.log	results_variants_55/DMat_block_pipeline_calcbase_55sp_np4_rep3_8387520
block_pipeline_calcbase	protspam_block_pipeline_calcbase	block	pipeline	calcbase	8387520	1	64	55	8	1	OK	0	86.6916	641.345	744.899	748	65536	ilk-236	logs_variants_55/block_pipeline_calcbase_55sp_np8_rep1_8387520.log	results_variants_55/DMat_block_pipeline_calcbase_55sp_np8_rep1_8387520
block_pipeline_calcbase	protspam_block_pipeline_calcbase	block	pipeline	calcbase	8387520	1	64	55	8	2	OK	0	87.2316	641.183	745.282	750	65536	ilk-236	logs_variants_55/block_pipeline_calcbase_55sp_np8_rep2_8387520.log	results_variants_55/DMat_block_pipeline_calcbase_55sp_np8_rep2_8387520
block_pipeline_calcbase	protspam_block_pipeline_calcbase	block	pipeline	calcbase	8387520	1	64	55	8	3	OK	0	87.2583	641.18	745.293	748	65536	ilk-236	logs_variants_55/block_pipeline_calcbase_55sp_np8_rep3_8387520.log	results_variants_55/DMat_block_pipeline_calcbase_55sp_np8_rep3_8387520
block_pipeline_calcbase	protspam_block_pipeline_calcbase	block	pipeline	calcbase	8387520	1	64	55	16	1	OK	0	53.1965	582.578	652.265	656	65536	ilk-236	logs_variants_55/block_pipeline_calcbase_55sp_np16_rep1_8387520.log	results_variants_55/DMat_block_pipeline_calcbase_55sp_np16_rep1_8387520
block_pipeline_calcbase	protspam_block_pipeline_calcbase	block	pipeline	calcbase	8387520	1	64	55	16	2	OK	0	52.9228	582.667	652.096	655	65536	ilk-236	logs_variants_55/block_pipeline_calcbase_55sp_np16_rep2_8387520.log	results_variants_55/DMat_block_pipeline_calcbase_55sp_np16_rep2_8387520
block_pipeline_calcbase	protspam_block_pipeline_calcbase	block	pipeline	calcbase	8387520	1	64	55	16	3	OK	0	53.5675	579.81	649.882	653	65536	ilk-236	logs_variants_55/block_pipeline_calcbase_55sp_np16_rep3_8387520.log	results_variants_55/DMat_block_pipeline_calcbase_55sp_np16_rep3_8387520
block_pipeline_calcbase	protspam_block_pipeline_calcbase	block	pipeline	calcbase	8387520	1	64	55	32	1	OK	0	24.5269	739.555	780.161	786	65536	ilk-236	logs_variants_55/block_pipeline_calcbase_55sp_np32_rep1_8387520.log	results_variants_55/DMat_block_pipeline_calcbase_55sp_np32_rep1_8387520
block_pipeline_calcbase	protspam_block_pipeline_calcbase	block	pipeline	calcbase	8387520	1	64	55	32	2	OK	0	24.5131	742.235	782.843	787	65536	ilk-236	logs_variants_55/block_pipeline_calcbase_55sp_np32_rep2_8387520.log	results_variants_55/DMat_block_pipeline_calcbase_55sp_np32_rep2_8387520
block_pipeline_calcbase	protspam_block_pipeline_calcbase	block	pipeline	calcbase	8387520	1	64	55	32	3	OK	0	24.8771	741.372	782.321	788	65536	ilk-236	logs_variants_55/block_pipeline_calcbase_55sp_np32_rep3_8387520.log	results_variants_55/DMat_block_pipeline_calcbase_55sp_np32_rep3_8387520
block_pipeline_calcbase	protspam_block_pipeline_calcbase	block	pipeline	calcbase	8387520	1	64	55	64	1	OK	0	12.7408	1130.74	1158.52	1169	65536	ilk-236	logs_variants_55/block_pipeline_calcbase_55sp_np64_rep1_8387520.log	results_variants_55/DMat_block_pipeline_calcbase_55sp_np64_rep1_8387520
block_pipeline_calcbase	protspam_block_pipeline_calcbase	block	pipeline	calcbase	8387520	1	64	55	64	2	OK	0	12.5335	1129.44	1157.02	1167	65536	ilk-236	logs_variants_55/block_pipeline_calcbase_55sp_np64_rep2_8387520.log	results_variants_55/DMat_block_pipeline_calcbase_55sp_np64_rep2_8387520
block_pipeline_calcbase	protspam_block_pipeline_calcbase	block	pipeline	calcbase	8387520	1	64	55	64	3	OK	0	12.7397	1128.12	1155.88	1166	65536	ilk-236	logs_variants_55/block_pipeline_calcbase_55sp_np64_rep3_8387520.log	results_variants_55/DMat_block_pipeline_calcbase_55sp_np64_rep3_8387520

*****************************************************************************
*                                                                           *
*                    JOB EFFICIENCY REPORT (seff 8387520)                   *
*                                                                           *
*****************************************************************************

Job ID: 8387520
Cluster: finisterrae3
User/Group: curso346/ulc
State: COMPLETED (exit code 0)
Nodes: 1
Cores per node: 64
CPU Utilized: 3-23:33:39
CPU Efficiency: 21.24% of 18-17:59:28 core-walltime
Job Wall-clock time: 07:01:52
Memory Utilized: 63.49 GB
Memory Efficiency: 99.21% of 64.00 GB

*****************************************************************************

