slurmstepd: info: Setting TMPDIR to /scratch/8405471. Previous errors about TMPDIR can be discarded
==================================================
Running block_pipeline_packeddest_calcbase_55sp_np1_rep1
Binary: ./bin/Debug/protspam_block_pipeline_packeddest_calcbase
Variant: block_pipeline_packeddest_calcbase
Phase 3 distribution: block
Phase 4 mode: pipeline_packeddest
calc_matches: calcbase
Filelist: filelist_55
Species: 55
NP: 1
Rep: 1
SLURM_JOB_ID: 8405471
SLURM_JOB_NUM_NODES: 1
SLURM_NTASKS: 64
SLURM_MEM_PER_NODE: 65536
SLURM_NODELIST: ilk-112
Start: Sun Jul 12 12:40:04 PM CEST 2026
==================================================
==================================================
Running block_pipeline_packeddest_calcbase_55sp_np1_rep2
Binary: ./bin/Debug/protspam_block_pipeline_packeddest_calcbase
Variant: block_pipeline_packeddest_calcbase
Phase 3 distribution: block
Phase 4 mode: pipeline_packeddest
calc_matches: calcbase
Filelist: filelist_55
Species: 55
NP: 1
Rep: 2
SLURM_JOB_ID: 8405471
SLURM_JOB_NUM_NODES: 1
SLURM_NTASKS: 64
SLURM_MEM_PER_NODE: 65536
SLURM_NODELIST: ilk-112
Start: Sun Jul 12 01:26:33 PM CEST 2026
==================================================
==================================================
Running block_pipeline_packeddest_calcbase_55sp_np1_rep3
Binary: ./bin/Debug/protspam_block_pipeline_packeddest_calcbase
Variant: block_pipeline_packeddest_calcbase
Phase 3 distribution: block
Phase 4 mode: pipeline_packeddest
calc_matches: calcbase
Filelist: filelist_55
Species: 55
NP: 1
Rep: 3
SLURM_JOB_ID: 8405471
SLURM_JOB_NUM_NODES: 1
SLURM_NTASKS: 64
SLURM_MEM_PER_NODE: 65536
SLURM_NODELIST: ilk-112
Start: Sun Jul 12 02:12:20 PM CEST 2026
==================================================
==================================================
Running block_pipeline_packeddest_calcbase_55sp_np2_rep1
Binary: ./bin/Debug/protspam_block_pipeline_packeddest_calcbase
Variant: block_pipeline_packeddest_calcbase
Phase 3 distribution: block
Phase 4 mode: pipeline_packeddest
calc_matches: calcbase
Filelist: filelist_55
Species: 55
NP: 2
Rep: 1
SLURM_JOB_ID: 8405471
SLURM_JOB_NUM_NODES: 1
SLURM_NTASKS: 64
SLURM_MEM_PER_NODE: 65536
SLURM_NODELIST: ilk-112
Start: Sun Jul 12 02:58:15 PM CEST 2026
==================================================
==================================================
Running block_pipeline_packeddest_calcbase_55sp_np2_rep2
Binary: ./bin/Debug/protspam_block_pipeline_packeddest_calcbase
Variant: block_pipeline_packeddest_calcbase
Phase 3 distribution: block
Phase 4 mode: pipeline_packeddest
calc_matches: calcbase
Filelist: filelist_55
Species: 55
NP: 2
Rep: 2
SLURM_JOB_ID: 8405471
SLURM_JOB_NUM_NODES: 1
SLURM_NTASKS: 64
SLURM_MEM_PER_NODE: 65536
SLURM_NODELIST: ilk-112
Start: Sun Jul 12 03:19:30 PM CEST 2026
==================================================
==================================================
Running block_pipeline_packeddest_calcbase_55sp_np2_rep3
Binary: ./bin/Debug/protspam_block_pipeline_packeddest_calcbase
Variant: block_pipeline_packeddest_calcbase
Phase 3 distribution: block
Phase 4 mode: pipeline_packeddest
calc_matches: calcbase
Filelist: filelist_55
Species: 55
NP: 2
Rep: 3
SLURM_JOB_ID: 8405471
SLURM_JOB_NUM_NODES: 1
SLURM_NTASKS: 64
SLURM_MEM_PER_NODE: 65536
SLURM_NODELIST: ilk-112
Start: Sun Jul 12 03:40:41 PM CEST 2026
==================================================
==================================================
Running block_pipeline_packeddest_calcbase_55sp_np4_rep1
Binary: ./bin/Debug/protspam_block_pipeline_packeddest_calcbase
Variant: block_pipeline_packeddest_calcbase
Phase 3 distribution: block
Phase 4 mode: pipeline_packeddest
calc_matches: calcbase
Filelist: filelist_55
Species: 55
NP: 4
Rep: 1
SLURM_JOB_ID: 8405471
SLURM_JOB_NUM_NODES: 1
SLURM_NTASKS: 64
SLURM_MEM_PER_NODE: 65536
SLURM_NODELIST: ilk-112
Start: Sun Jul 12 04:01:50 PM CEST 2026
==================================================
==================================================
Running block_pipeline_packeddest_calcbase_55sp_np4_rep2
Binary: ./bin/Debug/protspam_block_pipeline_packeddest_calcbase
Variant: block_pipeline_packeddest_calcbase
Phase 3 distribution: block
Phase 4 mode: pipeline_packeddest
calc_matches: calcbase
Filelist: filelist_55
Species: 55
NP: 4
Rep: 2
SLURM_JOB_ID: 8405471
SLURM_JOB_NUM_NODES: 1
SLURM_NTASKS: 64
SLURM_MEM_PER_NODE: 65536
SLURM_NODELIST: ilk-112
Start: Sun Jul 12 04:06:10 PM CEST 2026
==================================================
==================================================
Running block_pipeline_packeddest_calcbase_55sp_np4_rep3
Binary: ./bin/Debug/protspam_block_pipeline_packeddest_calcbase
Variant: block_pipeline_packeddest_calcbase
Phase 3 distribution: block
Phase 4 mode: pipeline_packeddest
calc_matches: calcbase
Filelist: filelist_55
Species: 55
NP: 4
Rep: 3
SLURM_JOB_ID: 8405471
SLURM_JOB_NUM_NODES: 1
SLURM_NTASKS: 64
SLURM_MEM_PER_NODE: 65536
SLURM_NODELIST: ilk-112
Start: Sun Jul 12 04:10:30 PM CEST 2026
==================================================
==================================================
Running block_pipeline_packeddest_calcbase_55sp_np8_rep1
Binary: ./bin/Debug/protspam_block_pipeline_packeddest_calcbase
Variant: block_pipeline_packeddest_calcbase
Phase 3 distribution: block
Phase 4 mode: pipeline_packeddest
calc_matches: calcbase
Filelist: filelist_55
Species: 55
NP: 8
Rep: 1
SLURM_JOB_ID: 8405471
SLURM_JOB_NUM_NODES: 1
SLURM_NTASKS: 64
SLURM_MEM_PER_NODE: 65536
SLURM_NODELIST: ilk-112
Start: Sun Jul 12 04:14:50 PM CEST 2026
==================================================
==================================================
Running block_pipeline_packeddest_calcbase_55sp_np8_rep2
Binary: ./bin/Debug/protspam_block_pipeline_packeddest_calcbase
Variant: block_pipeline_packeddest_calcbase
Phase 3 distribution: block
Phase 4 mode: pipeline_packeddest
calc_matches: calcbase
Filelist: filelist_55
Species: 55
NP: 8
Rep: 2
SLURM_JOB_ID: 8405471
SLURM_JOB_NUM_NODES: 1
SLURM_NTASKS: 64
SLURM_MEM_PER_NODE: 65536
SLURM_NODELIST: ilk-112
Start: Sun Jul 12 04:15:59 PM CEST 2026
==================================================
==================================================
Running block_pipeline_packeddest_calcbase_55sp_np8_rep3
Binary: ./bin/Debug/protspam_block_pipeline_packeddest_calcbase
Variant: block_pipeline_packeddest_calcbase
Phase 3 distribution: block
Phase 4 mode: pipeline_packeddest
calc_matches: calcbase
Filelist: filelist_55
Species: 55
NP: 8
Rep: 3
SLURM_JOB_ID: 8405471
SLURM_JOB_NUM_NODES: 1
SLURM_NTASKS: 64
SLURM_MEM_PER_NODE: 65536
SLURM_NODELIST: ilk-112
Start: Sun Jul 12 04:17:07 PM CEST 2026
==================================================
==================================================
Running block_pipeline_packeddest_calcbase_55sp_np16_rep1
Binary: ./bin/Debug/protspam_block_pipeline_packeddest_calcbase
Variant: block_pipeline_packeddest_calcbase
Phase 3 distribution: block
Phase 4 mode: pipeline_packeddest
calc_matches: calcbase
Filelist: filelist_55
Species: 55
NP: 16
Rep: 1
SLURM_JOB_ID: 8405471
SLURM_JOB_NUM_NODES: 1
SLURM_NTASKS: 64
SLURM_MEM_PER_NODE: 65536
SLURM_NODELIST: ilk-112
Start: Sun Jul 12 04:18:15 PM CEST 2026
==================================================
==================================================
Running block_pipeline_packeddest_calcbase_55sp_np16_rep2
Binary: ./bin/Debug/protspam_block_pipeline_packeddest_calcbase
Variant: block_pipeline_packeddest_calcbase
Phase 3 distribution: block
Phase 4 mode: pipeline_packeddest
calc_matches: calcbase
Filelist: filelist_55
Species: 55
NP: 16
Rep: 2
SLURM_JOB_ID: 8405471
SLURM_JOB_NUM_NODES: 1
SLURM_NTASKS: 64
SLURM_MEM_PER_NODE: 65536
SLURM_NODELIST: ilk-112
Start: Sun Jul 12 04:19:10 PM CEST 2026
==================================================
==================================================
Running block_pipeline_packeddest_calcbase_55sp_np16_rep3
Binary: ./bin/Debug/protspam_block_pipeline_packeddest_calcbase
Variant: block_pipeline_packeddest_calcbase
Phase 3 distribution: block
Phase 4 mode: pipeline_packeddest
calc_matches: calcbase
Filelist: filelist_55
Species: 55
NP: 16
Rep: 3
SLURM_JOB_ID: 8405471
SLURM_JOB_NUM_NODES: 1
SLURM_NTASKS: 64
SLURM_MEM_PER_NODE: 65536
SLURM_NODELIST: ilk-112
Start: Sun Jul 12 04:20:05 PM CEST 2026
==================================================
==================================================
Running block_pipeline_packeddest_calcbase_55sp_np32_rep1
Binary: ./bin/Debug/protspam_block_pipeline_packeddest_calcbase
Variant: block_pipeline_packeddest_calcbase
Phase 3 distribution: block
Phase 4 mode: pipeline_packeddest
calc_matches: calcbase
Filelist: filelist_55
Species: 55
NP: 32
Rep: 1
SLURM_JOB_ID: 8405471
SLURM_JOB_NUM_NODES: 1
SLURM_NTASKS: 64
SLURM_MEM_PER_NODE: 65536
SLURM_NODELIST: ilk-112
Start: Sun Jul 12 04:21:01 PM CEST 2026
==================================================
==================================================
Running block_pipeline_packeddest_calcbase_55sp_np32_rep2
Binary: ./bin/Debug/protspam_block_pipeline_packeddest_calcbase
Variant: block_pipeline_packeddest_calcbase
Phase 3 distribution: block
Phase 4 mode: pipeline_packeddest
calc_matches: calcbase
Filelist: filelist_55
Species: 55
NP: 32
Rep: 2
SLURM_JOB_ID: 8405471
SLURM_JOB_NUM_NODES: 1
SLURM_NTASKS: 64
SLURM_MEM_PER_NODE: 65536
SLURM_NODELIST: ilk-112
Start: Sun Jul 12 04:21:45 PM CEST 2026
==================================================
==================================================
Running block_pipeline_packeddest_calcbase_55sp_np32_rep3
Binary: ./bin/Debug/protspam_block_pipeline_packeddest_calcbase
Variant: block_pipeline_packeddest_calcbase
Phase 3 distribution: block
Phase 4 mode: pipeline_packeddest
calc_matches: calcbase
Filelist: filelist_55
Species: 55
NP: 32
Rep: 3
SLURM_JOB_ID: 8405471
SLURM_JOB_NUM_NODES: 1
SLURM_NTASKS: 64
SLURM_MEM_PER_NODE: 65536
SLURM_NODELIST: ilk-112
Start: Sun Jul 12 04:22:28 PM CEST 2026
==================================================
==================================================
Running block_pipeline_packeddest_calcbase_55sp_np64_rep1
Binary: ./bin/Debug/protspam_block_pipeline_packeddest_calcbase
Variant: block_pipeline_packeddest_calcbase
Phase 3 distribution: block
Phase 4 mode: pipeline_packeddest
calc_matches: calcbase
Filelist: filelist_55
Species: 55
NP: 64
Rep: 1
SLURM_JOB_ID: 8405471
SLURM_JOB_NUM_NODES: 1
SLURM_NTASKS: 64
SLURM_MEM_PER_NODE: 65536
SLURM_NODELIST: ilk-112
Start: Sun Jul 12 04:23:12 PM CEST 2026
==================================================
==================================================
Running block_pipeline_packeddest_calcbase_55sp_np64_rep2
Binary: ./bin/Debug/protspam_block_pipeline_packeddest_calcbase
Variant: block_pipeline_packeddest_calcbase
Phase 3 distribution: block
Phase 4 mode: pipeline_packeddest
calc_matches: calcbase
Filelist: filelist_55
Species: 55
NP: 64
Rep: 2
SLURM_JOB_ID: 8405471
SLURM_JOB_NUM_NODES: 1
SLURM_NTASKS: 64
SLURM_MEM_PER_NODE: 65536
SLURM_NODELIST: ilk-112
Start: Sun Jul 12 04:23:53 PM CEST 2026
==================================================
==================================================
Running block_pipeline_packeddest_calcbase_55sp_np64_rep3
Binary: ./bin/Debug/protspam_block_pipeline_packeddest_calcbase
Variant: block_pipeline_packeddest_calcbase
Phase 3 distribution: block
Phase 4 mode: pipeline_packeddest
calc_matches: calcbase
Filelist: filelist_55
Species: 55
NP: 64
Rep: 3
SLURM_JOB_ID: 8405471
SLURM_JOB_NUM_NODES: 1
SLURM_NTASKS: 64
SLURM_MEM_PER_NODE: 65536
SLURM_NODELIST: ilk-112
Start: Sun Jul 12 04:24:35 PM CEST 2026
==================================================
==================================================
Resumen guardado en: logs_variants_55/resumen_block_pipeline_packeddest_calcbase_8405471.tsv
==================================================
variant	bin_name	phase3_dist	phase4_mode	calc_variant	job_id	nodes	ntasks_alloc	species	np	rep	status	exit_code	t_phase3_s	t_phase4_s	t_total_program_s	elapsed_seconds	mem_per_node	nodelist	log_file	output_file
block_pipeline_packeddest_calcbase	protspam_block_pipeline_packeddest_calcbase	block	pipeline_packeddest	calcbase	8405471	1	64	55	1	1	OK	0	791.834	1977.04	2784.49	2789	65536	ilk-112	logs_variants_55/block_pipeline_packeddest_calcbase_55sp_np1_rep1_8405471.log	results_variants_55/DMat_block_pipeline_packeddest_calcbase_55sp_np1_rep1_8405471
block_pipeline_packeddest_calcbase	protspam_block_pipeline_packeddest_calcbase	block	pipeline_packeddest	calcbase	8405471	1	64	55	1	2	OK	0	759.054	1968.34	2743.01	2747	65536	ilk-112	logs_variants_55/block_pipeline_packeddest_calcbase_55sp_np1_rep2_8405471.log	results_variants_55/DMat_block_pipeline_packeddest_calcbase_55sp_np1_rep2_8405471
block_pipeline_packeddest_calcbase	protspam_block_pipeline_packeddest_calcbase	block	pipeline_packeddest	calcbase	8405471	1	64	55	1	3	OK	0	759.29	1976.75	2751.47	2755	65536	ilk-112	logs_variants_55/block_pipeline_packeddest_calcbase_55sp_np1_rep3_8405471.log	results_variants_55/DMat_block_pipeline_packeddest_calcbase_55sp_np1_rep3_8405471
block_pipeline_packeddest_calcbase	protspam_block_pipeline_packeddest_calcbase	block	pipeline_packeddest	calcbase	8405471	1	64	55	2	1	OK	0	350.656	904.227	1271.43	1275	65536	ilk-112	logs_variants_55/block_pipeline_packeddest_calcbase_55sp_np2_rep1_8405471.log	results_variants_55/DMat_block_pipeline_packeddest_calcbase_55sp_np2_rep1_8405471
block_pipeline_packeddest_calcbase	protspam_block_pipeline_packeddest_calcbase	block	pipeline_packeddest	calcbase	8405471	1	64	55	2	2	OK	0	349.746	903.41	1269.15	1271	65536	ilk-112	logs_variants_55/block_pipeline_packeddest_calcbase_55sp_np2_rep2_8405471.log	results_variants_55/DMat_block_pipeline_packeddest_calcbase_55sp_np2_rep2_8405471
block_pipeline_packeddest_calcbase	protspam_block_pipeline_packeddest_calcbase	block	pipeline_packeddest	calcbase	8405471	1	64	55	2	3	OK	0	349.597	899.975	1265.57	1268	65536	ilk-112	logs_variants_55/block_pipeline_packeddest_calcbase_55sp_np2_rep3_8405471.log	results_variants_55/DMat_block_pipeline_packeddest_calcbase_55sp_np2_rep3_8405471
block_pipeline_packeddest_calcbase	protspam_block_pipeline_packeddest_calcbase	block	pipeline_packeddest	calcbase	8405471	1	64	55	4	1	FAIL	137	NA	NA	NA	260	65536	ilk-112	logs_variants_55/block_pipeline_packeddest_calcbase_55sp_np4_rep1_8405471.log	results_variants_55/DMat_block_pipeline_packeddest_calcbase_55sp_np4_rep1_8405471
block_pipeline_packeddest_calcbase	protspam_block_pipeline_packeddest_calcbase	block	pipeline_packeddest	calcbase	8405471	1	64	55	4	2	FAIL	137	NA	NA	NA	260	65536	ilk-112	logs_variants_55/block_pipeline_packeddest_calcbase_55sp_np4_rep2_8405471.log	results_variants_55/DMat_block_pipeline_packeddest_calcbase_55sp_np4_rep2_8405471
block_pipeline_packeddest_calcbase	protspam_block_pipeline_packeddest_calcbase	block	pipeline_packeddest	calcbase	8405471	1	64	55	4	3	FAIL	137	NA	NA	NA	260	65536	ilk-112	logs_variants_55/block_pipeline_packeddest_calcbase_55sp_np4_rep3_8405471.log	results_variants_55/DMat_block_pipeline_packeddest_calcbase_55sp_np4_rep3_8405471
block_pipeline_packeddest_calcbase	protspam_block_pipeline_packeddest_calcbase	block	pipeline_packeddest	calcbase	8405471	1	64	55	8	1	FAIL	137	NA	NA	NA	69	65536	ilk-112	logs_variants_55/block_pipeline_packeddest_calcbase_55sp_np8_rep1_8405471.log	results_variants_55/DMat_block_pipeline_packeddest_calcbase_55sp_np8_rep1_8405471
block_pipeline_packeddest_calcbase	protspam_block_pipeline_packeddest_calcbase	block	pipeline_packeddest	calcbase	8405471	1	64	55	8	2	FAIL	137	NA	NA	NA	68	65536	ilk-112	logs_variants_55/block_pipeline_packeddest_calcbase_55sp_np8_rep2_8405471.log	results_variants_55/DMat_block_pipeline_packeddest_calcbase_55sp_np8_rep2_8405471
block_pipeline_packeddest_calcbase	protspam_block_pipeline_packeddest_calcbase	block	pipeline_packeddest	calcbase	8405471	1	64	55	8	3	FAIL	137	NA	NA	NA	68	65536	ilk-112	logs_variants_55/block_pipeline_packeddest_calcbase_55sp_np8_rep3_8405471.log	results_variants_55/DMat_block_pipeline_packeddest_calcbase_55sp_np8_rep3_8405471
block_pipeline_packeddest_calcbase	protspam_block_pipeline_packeddest_calcbase	block	pipeline_packeddest	calcbase	8405471	1	64	55	16	1	FAIL	137	NA	NA	NA	55	65536	ilk-112	logs_variants_55/block_pipeline_packeddest_calcbase_55sp_np16_rep1_8405471.log	results_variants_55/DMat_block_pipeline_packeddest_calcbase_55sp_np16_rep1_8405471
block_pipeline_packeddest_calcbase	protspam_block_pipeline_packeddest_calcbase	block	pipeline_packeddest	calcbase	8405471	1	64	55	16	2	FAIL	137	NA	NA	NA	55	65536	ilk-112	logs_variants_55/block_pipeline_packeddest_calcbase_55sp_np16_rep2_8405471.log	results_variants_55/DMat_block_pipeline_packeddest_calcbase_55sp_np16_rep2_8405471
block_pipeline_packeddest_calcbase	protspam_block_pipeline_packeddest_calcbase	block	pipeline_packeddest	calcbase	8405471	1	64	55	16	3	FAIL	137	NA	NA	NA	56	65536	ilk-112	logs_variants_55/block_pipeline_packeddest_calcbase_55sp_np16_rep3_8405471.log	results_variants_55/DMat_block_pipeline_packeddest_calcbase_55sp_np16_rep3_8405471
block_pipeline_packeddest_calcbase	protspam_block_pipeline_packeddest_calcbase	block	pipeline_packeddest	calcbase	8405471	1	64	55	32	1	FAIL	137	NA	NA	NA	44	65536	ilk-112	logs_variants_55/block_pipeline_packeddest_calcbase_55sp_np32_rep1_8405471.log	results_variants_55/DMat_block_pipeline_packeddest_calcbase_55sp_np32_rep1_8405471
block_pipeline_packeddest_calcbase	protspam_block_pipeline_packeddest_calcbase	block	pipeline_packeddest	calcbase	8405471	1	64	55	32	2	FAIL	137	NA	NA	NA	43	65536	ilk-112	logs_variants_55/block_pipeline_packeddest_calcbase_55sp_np32_rep2_8405471.log	results_variants_55/DMat_block_pipeline_packeddest_calcbase_55sp_np32_rep2_8405471
block_pipeline_packeddest_calcbase	protspam_block_pipeline_packeddest_calcbase	block	pipeline_packeddest	calcbase	8405471	1	64	55	32	3	FAIL	137	NA	NA	NA	43	65536	ilk-112	logs_variants_55/block_pipeline_packeddest_calcbase_55sp_np32_rep3_8405471.log	results_variants_55/DMat_block_pipeline_packeddest_calcbase_55sp_np32_rep3_8405471
block_pipeline_packeddest_calcbase	protspam_block_pipeline_packeddest_calcbase	block	pipeline_packeddest	calcbase	8405471	1	64	55	64	1	FAIL	137	NA	NA	NA	41	65536	ilk-112	logs_variants_55/block_pipeline_packeddest_calcbase_55sp_np64_rep1_8405471.log	results_variants_55/DMat_block_pipeline_packeddest_calcbase_55sp_np64_rep1_8405471
block_pipeline_packeddest_calcbase	protspam_block_pipeline_packeddest_calcbase	block	pipeline_packeddest	calcbase	8405471	1	64	55	64	2	FAIL	137	NA	NA	NA	42	65536	ilk-112	logs_variants_55/block_pipeline_packeddest_calcbase_55sp_np64_rep2_8405471.log	results_variants_55/DMat_block_pipeline_packeddest_calcbase_55sp_np64_rep2_8405471
block_pipeline_packeddest_calcbase	protspam_block_pipeline_packeddest_calcbase	block	pipeline_packeddest	calcbase	8405471	1	64	55	64	3	FAIL	137	NA	NA	NA	41	65536	ilk-112	logs_variants_55/block_pipeline_packeddest_calcbase_55sp_np64_rep3_8405471.log	results_variants_55/DMat_block_pipeline_packeddest_calcbase_55sp_np64_rep3_8405471
