slurmstepd: info: Setting TMPDIR to /scratch/8387519. Previous errors about TMPDIR can be discarded
==================================================
Running balanced_base_calcbase_55sp_np1_rep1
Binary: ./bin/Debug/protspam_balanced_base_calcbase
Variant: balanced_base_calcbase
Phase 3 distribution: balanced
Phase 4 mode: base
calc_matches: calcbase
Filelist: filelist_55
Species: 55
NP: 1
Rep: 1
SLURM_JOB_ID: 8387519
SLURM_JOB_NUM_NODES: 1
SLURM_NTASKS: 64
SLURM_MEM_PER_NODE: 65536
SLURM_NODELIST: ilk-237
Start: Sat Jul 11 04:08:34 PM CEST 2026
==================================================
==================================================
Running balanced_base_calcbase_55sp_np1_rep2
Binary: ./bin/Debug/protspam_balanced_base_calcbase
Variant: balanced_base_calcbase
Phase 3 distribution: balanced
Phase 4 mode: base
calc_matches: calcbase
Filelist: filelist_55
Species: 55
NP: 1
Rep: 2
SLURM_JOB_ID: 8387519
SLURM_JOB_NUM_NODES: 1
SLURM_NTASKS: 64
SLURM_MEM_PER_NODE: 65536
SLURM_NODELIST: ilk-237
Start: Sat Jul 11 04:21:28 PM CEST 2026
==================================================
==================================================
Running balanced_base_calcbase_55sp_np1_rep3
Binary: ./bin/Debug/protspam_balanced_base_calcbase
Variant: balanced_base_calcbase
Phase 3 distribution: balanced
Phase 4 mode: base
calc_matches: calcbase
Filelist: filelist_55
Species: 55
NP: 1
Rep: 3
SLURM_JOB_ID: 8387519
SLURM_JOB_NUM_NODES: 1
SLURM_NTASKS: 64
SLURM_MEM_PER_NODE: 65536
SLURM_NODELIST: ilk-237
Start: Sat Jul 11 04:34:20 PM CEST 2026
==================================================
==================================================
Running balanced_base_calcbase_55sp_np2_rep1
Binary: ./bin/Debug/protspam_balanced_base_calcbase
Variant: balanced_base_calcbase
Phase 3 distribution: balanced
Phase 4 mode: base
calc_matches: calcbase
Filelist: filelist_55
Species: 55
NP: 2
Rep: 1
SLURM_JOB_ID: 8387519
SLURM_JOB_NUM_NODES: 1
SLURM_NTASKS: 64
SLURM_MEM_PER_NODE: 65536
SLURM_NODELIST: ilk-237
Start: Sat Jul 11 04:47:12 PM CEST 2026
==================================================
==================================================
Running balanced_base_calcbase_55sp_np2_rep2
Binary: ./bin/Debug/protspam_balanced_base_calcbase
Variant: balanced_base_calcbase
Phase 3 distribution: balanced
Phase 4 mode: base
calc_matches: calcbase
Filelist: filelist_55
Species: 55
NP: 2
Rep: 2
SLURM_JOB_ID: 8387519
SLURM_JOB_NUM_NODES: 1
SLURM_NTASKS: 64
SLURM_MEM_PER_NODE: 65536
SLURM_NODELIST: ilk-237
Start: Sat Jul 11 04:53:49 PM CEST 2026
==================================================
==================================================
Running balanced_base_calcbase_55sp_np2_rep3
Binary: ./bin/Debug/protspam_balanced_base_calcbase
Variant: balanced_base_calcbase
Phase 3 distribution: balanced
Phase 4 mode: base
calc_matches: calcbase
Filelist: filelist_55
Species: 55
NP: 2
Rep: 3
SLURM_JOB_ID: 8387519
SLURM_JOB_NUM_NODES: 1
SLURM_NTASKS: 64
SLURM_MEM_PER_NODE: 65536
SLURM_NODELIST: ilk-237
Start: Sat Jul 11 05:00:25 PM CEST 2026
==================================================
==================================================
Running balanced_base_calcbase_55sp_np4_rep1
Binary: ./bin/Debug/protspam_balanced_base_calcbase
Variant: balanced_base_calcbase
Phase 3 distribution: balanced
Phase 4 mode: base
calc_matches: calcbase
Filelist: filelist_55
Species: 55
NP: 4
Rep: 1
SLURM_JOB_ID: 8387519
SLURM_JOB_NUM_NODES: 1
SLURM_NTASKS: 64
SLURM_MEM_PER_NODE: 65536
SLURM_NODELIST: ilk-237
Start: Sat Jul 11 05:07:00 PM CEST 2026
==================================================
==================================================
Running balanced_base_calcbase_55sp_np4_rep2
Binary: ./bin/Debug/protspam_balanced_base_calcbase
Variant: balanced_base_calcbase
Phase 3 distribution: balanced
Phase 4 mode: base
calc_matches: calcbase
Filelist: filelist_55
Species: 55
NP: 4
Rep: 2
SLURM_JOB_ID: 8387519
SLURM_JOB_NUM_NODES: 1
SLURM_NTASKS: 64
SLURM_MEM_PER_NODE: 65536
SLURM_NODELIST: ilk-237
Start: Sat Jul 11 05:10:27 PM CEST 2026
==================================================
==================================================
Running balanced_base_calcbase_55sp_np4_rep3
Binary: ./bin/Debug/protspam_balanced_base_calcbase
Variant: balanced_base_calcbase
Phase 3 distribution: balanced
Phase 4 mode: base
calc_matches: calcbase
Filelist: filelist_55
Species: 55
NP: 4
Rep: 3
SLURM_JOB_ID: 8387519
SLURM_JOB_NUM_NODES: 1
SLURM_NTASKS: 64
SLURM_MEM_PER_NODE: 65536
SLURM_NODELIST: ilk-237
Start: Sat Jul 11 05:13:55 PM CEST 2026
==================================================
==================================================
Running balanced_base_calcbase_55sp_np8_rep1
Binary: ./bin/Debug/protspam_balanced_base_calcbase
Variant: balanced_base_calcbase
Phase 3 distribution: balanced
Phase 4 mode: base
calc_matches: calcbase
Filelist: filelist_55
Species: 55
NP: 8
Rep: 1
SLURM_JOB_ID: 8387519
SLURM_JOB_NUM_NODES: 1
SLURM_NTASKS: 64
SLURM_MEM_PER_NODE: 65536
SLURM_NODELIST: ilk-237
Start: Sat Jul 11 05:17:20 PM CEST 2026
==================================================
==================================================
Running balanced_base_calcbase_55sp_np8_rep2
Binary: ./bin/Debug/protspam_balanced_base_calcbase
Variant: balanced_base_calcbase
Phase 3 distribution: balanced
Phase 4 mode: base
calc_matches: calcbase
Filelist: filelist_55
Species: 55
NP: 8
Rep: 2
SLURM_JOB_ID: 8387519
SLURM_JOB_NUM_NODES: 1
SLURM_NTASKS: 64
SLURM_MEM_PER_NODE: 65536
SLURM_NODELIST: ilk-237
Start: Sat Jul 11 05:19:13 PM CEST 2026
==================================================
==================================================
Running balanced_base_calcbase_55sp_np8_rep3
Binary: ./bin/Debug/protspam_balanced_base_calcbase
Variant: balanced_base_calcbase
Phase 3 distribution: balanced
Phase 4 mode: base
calc_matches: calcbase
Filelist: filelist_55
Species: 55
NP: 8
Rep: 3
SLURM_JOB_ID: 8387519
SLURM_JOB_NUM_NODES: 1
SLURM_NTASKS: 64
SLURM_MEM_PER_NODE: 65536
SLURM_NODELIST: ilk-237
Start: Sat Jul 11 05:21:06 PM CEST 2026
==================================================
==================================================
Running balanced_base_calcbase_55sp_np16_rep1
Binary: ./bin/Debug/protspam_balanced_base_calcbase
Variant: balanced_base_calcbase
Phase 3 distribution: balanced
Phase 4 mode: base
calc_matches: calcbase
Filelist: filelist_55
Species: 55
NP: 16
Rep: 1
SLURM_JOB_ID: 8387519
SLURM_JOB_NUM_NODES: 1
SLURM_NTASKS: 64
SLURM_MEM_PER_NODE: 65536
SLURM_NODELIST: ilk-237
Start: Sat Jul 11 05:23:00 PM CEST 2026
==================================================
==================================================
Running balanced_base_calcbase_55sp_np16_rep2
Binary: ./bin/Debug/protspam_balanced_base_calcbase
Variant: balanced_base_calcbase
Phase 3 distribution: balanced
Phase 4 mode: base
calc_matches: calcbase
Filelist: filelist_55
Species: 55
NP: 16
Rep: 2
SLURM_JOB_ID: 8387519
SLURM_JOB_NUM_NODES: 1
SLURM_NTASKS: 64
SLURM_MEM_PER_NODE: 65536
SLURM_NODELIST: ilk-237
Start: Sat Jul 11 05:24:07 PM CEST 2026
==================================================
==================================================
Running balanced_base_calcbase_55sp_np16_rep3
Binary: ./bin/Debug/protspam_balanced_base_calcbase
Variant: balanced_base_calcbase
Phase 3 distribution: balanced
Phase 4 mode: base
calc_matches: calcbase
Filelist: filelist_55
Species: 55
NP: 16
Rep: 3
SLURM_JOB_ID: 8387519
SLURM_JOB_NUM_NODES: 1
SLURM_NTASKS: 64
SLURM_MEM_PER_NODE: 65536
SLURM_NODELIST: ilk-237
Start: Sat Jul 11 05:25:15 PM CEST 2026
==================================================
==================================================
Running balanced_base_calcbase_55sp_np32_rep1
Binary: ./bin/Debug/protspam_balanced_base_calcbase
Variant: balanced_base_calcbase
Phase 3 distribution: balanced
Phase 4 mode: base
calc_matches: calcbase
Filelist: filelist_55
Species: 55
NP: 32
Rep: 1
SLURM_JOB_ID: 8387519
SLURM_JOB_NUM_NODES: 1
SLURM_NTASKS: 64
SLURM_MEM_PER_NODE: 65536
SLURM_NODELIST: ilk-237
Start: Sat Jul 11 05:26:22 PM CEST 2026
==================================================
==================================================
Running balanced_base_calcbase_55sp_np32_rep2
Binary: ./bin/Debug/protspam_balanced_base_calcbase
Variant: balanced_base_calcbase
Phase 3 distribution: balanced
Phase 4 mode: base
calc_matches: calcbase
Filelist: filelist_55
Species: 55
NP: 32
Rep: 2
SLURM_JOB_ID: 8387519
SLURM_JOB_NUM_NODES: 1
SLURM_NTASKS: 64
SLURM_MEM_PER_NODE: 65536
SLURM_NODELIST: ilk-237
Start: Sat Jul 11 05:27:05 PM CEST 2026
==================================================
==================================================
Running balanced_base_calcbase_55sp_np32_rep3
Binary: ./bin/Debug/protspam_balanced_base_calcbase
Variant: balanced_base_calcbase
Phase 3 distribution: balanced
Phase 4 mode: base
calc_matches: calcbase
Filelist: filelist_55
Species: 55
NP: 32
Rep: 3
SLURM_JOB_ID: 8387519
SLURM_JOB_NUM_NODES: 1
SLURM_NTASKS: 64
SLURM_MEM_PER_NODE: 65536
SLURM_NODELIST: ilk-237
Start: Sat Jul 11 05:27:50 PM CEST 2026
==================================================
==================================================
Running balanced_base_calcbase_55sp_np64_rep1
Binary: ./bin/Debug/protspam_balanced_base_calcbase
Variant: balanced_base_calcbase
Phase 3 distribution: balanced
Phase 4 mode: base
calc_matches: calcbase
Filelist: filelist_55
Species: 55
NP: 64
Rep: 1
SLURM_JOB_ID: 8387519
SLURM_JOB_NUM_NODES: 1
SLURM_NTASKS: 64
SLURM_MEM_PER_NODE: 65536
SLURM_NODELIST: ilk-237
Start: Sat Jul 11 05:28:33 PM CEST 2026
==================================================
==================================================
Running balanced_base_calcbase_55sp_np64_rep2
Binary: ./bin/Debug/protspam_balanced_base_calcbase
Variant: balanced_base_calcbase
Phase 3 distribution: balanced
Phase 4 mode: base
calc_matches: calcbase
Filelist: filelist_55
Species: 55
NP: 64
Rep: 2
SLURM_JOB_ID: 8387519
SLURM_JOB_NUM_NODES: 1
SLURM_NTASKS: 64
SLURM_MEM_PER_NODE: 65536
SLURM_NODELIST: ilk-237
Start: Sat Jul 11 05:29:15 PM CEST 2026
==================================================
==================================================
Running balanced_base_calcbase_55sp_np64_rep3
Binary: ./bin/Debug/protspam_balanced_base_calcbase
Variant: balanced_base_calcbase
Phase 3 distribution: balanced
Phase 4 mode: base
calc_matches: calcbase
Filelist: filelist_55
Species: 55
NP: 64
Rep: 3
SLURM_JOB_ID: 8387519
SLURM_JOB_NUM_NODES: 1
SLURM_NTASKS: 64
SLURM_MEM_PER_NODE: 65536
SLURM_NODELIST: ilk-237
Start: Sat Jul 11 05:29:55 PM CEST 2026
==================================================
==================================================
Resumen guardado en: logs_variants_55/resumen_balanced_base_calcbase_8387519.tsv
==================================================
variant	bin_name	phase3_dist	phase4_mode	calc_variant	job_id	nodes	ntasks_alloc	species	np	rep	status	exit_code	t_phase3_s	t_phase4_s	t_total_program_s	elapsed_seconds	mem_per_node	nodelist	log_file	output_file
balanced_base_calcbase	protspam_balanced_base_calcbase	balanced	base	calcbase	8387519	1	64	55	1	1	FAIL	137	NA	NA	NA	774	65536	ilk-237	logs_variants_55/balanced_base_calcbase_55sp_np1_rep1_8387519.log	results_variants_55/DMat_balanced_base_calcbase_55sp_np1_rep1_8387519
balanced_base_calcbase	protspam_balanced_base_calcbase	balanced	base	calcbase	8387519	1	64	55	1	2	FAIL	137	NA	NA	NA	772	65536	ilk-237	logs_variants_55/balanced_base_calcbase_55sp_np1_rep2_8387519.log	results_variants_55/DMat_balanced_base_calcbase_55sp_np1_rep2_8387519
balanced_base_calcbase	protspam_balanced_base_calcbase	balanced	base	calcbase	8387519	1	64	55	1	3	FAIL	137	NA	NA	NA	772	65536	ilk-237	logs_variants_55/balanced_base_calcbase_55sp_np1_rep3_8387519.log	results_variants_55/DMat_balanced_base_calcbase_55sp_np1_rep3_8387519
balanced_base_calcbase	protspam_balanced_base_calcbase	balanced	base	calcbase	8387519	1	64	55	2	1	FAIL	137	NA	NA	NA	397	65536	ilk-237	logs_variants_55/balanced_base_calcbase_55sp_np2_rep1_8387519.log	results_variants_55/DMat_balanced_base_calcbase_55sp_np2_rep1_8387519
balanced_base_calcbase	protspam_balanced_base_calcbase	balanced	base	calcbase	8387519	1	64	55	2	2	FAIL	137	NA	NA	NA	396	65536	ilk-237	logs_variants_55/balanced_base_calcbase_55sp_np2_rep2_8387519.log	results_variants_55/DMat_balanced_base_calcbase_55sp_np2_rep2_8387519
balanced_base_calcbase	protspam_balanced_base_calcbase	balanced	base	calcbase	8387519	1	64	55	2	3	FAIL	137	NA	NA	NA	395	65536	ilk-237	logs_variants_55/balanced_base_calcbase_55sp_np2_rep3_8387519.log	results_variants_55/DMat_balanced_base_calcbase_55sp_np2_rep3_8387519
balanced_base_calcbase	protspam_balanced_base_calcbase	balanced	base	calcbase	8387519	1	64	55	4	1	FAIL	137	NA	NA	NA	207	65536	ilk-237	logs_variants_55/balanced_base_calcbase_55sp_np4_rep1_8387519.log	results_variants_55/DMat_balanced_base_calcbase_55sp_np4_rep1_8387519
balanced_base_calcbase	protspam_balanced_base_calcbase	balanced	base	calcbase	8387519	1	64	55	4	2	FAIL	137	NA	NA	NA	208	65536	ilk-237	logs_variants_55/balanced_base_calcbase_55sp_np4_rep2_8387519.log	results_variants_55/DMat_balanced_base_calcbase_55sp_np4_rep2_8387519
balanced_base_calcbase	protspam_balanced_base_calcbase	balanced	base	calcbase	8387519	1	64	55	4	3	FAIL	137	NA	NA	NA	205	65536	ilk-237	logs_variants_55/balanced_base_calcbase_55sp_np4_rep3_8387519.log	results_variants_55/DMat_balanced_base_calcbase_55sp_np4_rep3_8387519
balanced_base_calcbase	protspam_balanced_base_calcbase	balanced	base	calcbase	8387519	1	64	55	8	1	FAIL	137	NA	NA	NA	113	65536	ilk-237	logs_variants_55/balanced_base_calcbase_55sp_np8_rep1_8387519.log	results_variants_55/DMat_balanced_base_calcbase_55sp_np8_rep1_8387519
balanced_base_calcbase	protspam_balanced_base_calcbase	balanced	base	calcbase	8387519	1	64	55	8	2	FAIL	137	NA	NA	NA	113	65536	ilk-237	logs_variants_55/balanced_base_calcbase_55sp_np8_rep2_8387519.log	results_variants_55/DMat_balanced_base_calcbase_55sp_np8_rep2_8387519
balanced_base_calcbase	protspam_balanced_base_calcbase	balanced	base	calcbase	8387519	1	64	55	8	3	FAIL	137	NA	NA	NA	114	65536	ilk-237	logs_variants_55/balanced_base_calcbase_55sp_np8_rep3_8387519.log	results_variants_55/DMat_balanced_base_calcbase_55sp_np8_rep3_8387519
balanced_base_calcbase	protspam_balanced_base_calcbase	balanced	base	calcbase	8387519	1	64	55	16	1	FAIL	137	NA	NA	NA	67	65536	ilk-237	logs_variants_55/balanced_base_calcbase_55sp_np16_rep1_8387519.log	results_variants_55/DMat_balanced_base_calcbase_55sp_np16_rep1_8387519
balanced_base_calcbase	protspam_balanced_base_calcbase	balanced	base	calcbase	8387519	1	64	55	16	2	FAIL	137	NA	NA	NA	68	65536	ilk-237	logs_variants_55/balanced_base_calcbase_55sp_np16_rep2_8387519.log	results_variants_55/DMat_balanced_base_calcbase_55sp_np16_rep2_8387519
balanced_base_calcbase	protspam_balanced_base_calcbase	balanced	base	calcbase	8387519	1	64	55	16	3	FAIL	137	NA	NA	NA	67	65536	ilk-237	logs_variants_55/balanced_base_calcbase_55sp_np16_rep3_8387519.log	results_variants_55/DMat_balanced_base_calcbase_55sp_np16_rep3_8387519
balanced_base_calcbase	protspam_balanced_base_calcbase	balanced	base	calcbase	8387519	1	64	55	32	1	FAIL	137	NA	NA	NA	43	65536	ilk-237	logs_variants_55/balanced_base_calcbase_55sp_np32_rep1_8387519.log	results_variants_55/DMat_balanced_base_calcbase_55sp_np32_rep1_8387519
balanced_base_calcbase	protspam_balanced_base_calcbase	balanced	base	calcbase	8387519	1	64	55	32	2	FAIL	137	NA	NA	NA	45	65536	ilk-237	logs_variants_55/balanced_base_calcbase_55sp_np32_rep2_8387519.log	results_variants_55/DMat_balanced_base_calcbase_55sp_np32_rep2_8387519
balanced_base_calcbase	protspam_balanced_base_calcbase	balanced	base	calcbase	8387519	1	64	55	32	3	FAIL	137	NA	NA	NA	43	65536	ilk-237	logs_variants_55/balanced_base_calcbase_55sp_np32_rep3_8387519.log	results_variants_55/DMat_balanced_base_calcbase_55sp_np32_rep3_8387519
balanced_base_calcbase	protspam_balanced_base_calcbase	balanced	base	calcbase	8387519	1	64	55	64	1	FAIL	137	NA	NA	NA	42	65536	ilk-237	logs_variants_55/balanced_base_calcbase_55sp_np64_rep1_8387519.log	results_variants_55/DMat_balanced_base_calcbase_55sp_np64_rep1_8387519
balanced_base_calcbase	protspam_balanced_base_calcbase	balanced	base	calcbase	8387519	1	64	55	64	2	FAIL	137	NA	NA	NA	40	65536	ilk-237	logs_variants_55/balanced_base_calcbase_55sp_np64_rep2_8387519.log	results_variants_55/DMat_balanced_base_calcbase_55sp_np64_rep2_8387519
balanced_base_calcbase	protspam_balanced_base_calcbase	balanced	base	calcbase	8387519	1	64	55	64	3	FAIL	137	NA	NA	NA	40	65536	ilk-237	logs_variants_55/balanced_base_calcbase_55sp_np64_rep3_8387519.log	results_variants_55/DMat_balanced_base_calcbase_55sp_np64_rep3_8387519
