slurmstepd: info: Setting TMPDIR to /scratch/8390281. Previous errors about TMPDIR can be discarded
==================================================
Running block_pipeline_calcopt_55sp_np1_rep1
Binary: ./bin/Debug/protspam_block_pipeline_calcopt
Variant: block_pipeline_calcopt
Phase 3 distribution: block
Phase 4 mode: pipeline
calc_matches: calcopt
Filelist: filelist_55
Species: 55
NP: 1
Rep: 1
SLURM_JOB_ID: 8390281
SLURM_JOB_NUM_NODES: 1
SLURM_NTASKS: 64
SLURM_MEM_PER_NODE: 65536
SLURM_NODELIST: ilk-125
Start: Sat Jul 11 11:35:11 PM CEST 2026
==================================================
==================================================
Running block_pipeline_calcopt_55sp_np1_rep2
Binary: ./bin/Debug/protspam_block_pipeline_calcopt
Variant: block_pipeline_calcopt
Phase 3 distribution: block
Phase 4 mode: pipeline
calc_matches: calcopt
Filelist: filelist_55
Species: 55
NP: 1
Rep: 2
SLURM_JOB_ID: 8390281
SLURM_JOB_NUM_NODES: 1
SLURM_NTASKS: 64
SLURM_MEM_PER_NODE: 65536
SLURM_NODELIST: ilk-125
Start: Sun Jul 12 12:36:01 AM CEST 2026
==================================================
==================================================
Running block_pipeline_calcopt_55sp_np1_rep3
Binary: ./bin/Debug/protspam_block_pipeline_calcopt
Variant: block_pipeline_calcopt
Phase 3 distribution: block
Phase 4 mode: pipeline
calc_matches: calcopt
Filelist: filelist_55
Species: 55
NP: 1
Rep: 3
SLURM_JOB_ID: 8390281
SLURM_JOB_NUM_NODES: 1
SLURM_NTASKS: 64
SLURM_MEM_PER_NODE: 65536
SLURM_NODELIST: ilk-125
Start: Sun Jul 12 01:36:45 AM CEST 2026
==================================================
==================================================
Running block_pipeline_calcopt_55sp_np2_rep1
Binary: ./bin/Debug/protspam_block_pipeline_calcopt
Variant: block_pipeline_calcopt
Phase 3 distribution: block
Phase 4 mode: pipeline
calc_matches: calcopt
Filelist: filelist_55
Species: 55
NP: 2
Rep: 1
SLURM_JOB_ID: 8390281
SLURM_JOB_NUM_NODES: 1
SLURM_NTASKS: 64
SLURM_MEM_PER_NODE: 65536
SLURM_NODELIST: ilk-125
Start: Sun Jul 12 02:37:35 AM CEST 2026
==================================================
==================================================
Running block_pipeline_calcopt_55sp_np2_rep2
Binary: ./bin/Debug/protspam_block_pipeline_calcopt
Variant: block_pipeline_calcopt
Phase 3 distribution: block
Phase 4 mode: pipeline
calc_matches: calcopt
Filelist: filelist_55
Species: 55
NP: 2
Rep: 2
SLURM_JOB_ID: 8390281
SLURM_JOB_NUM_NODES: 1
SLURM_NTASKS: 64
SLURM_MEM_PER_NODE: 65536
SLURM_NODELIST: ilk-125
Start: Sun Jul 12 03:00:50 AM CEST 2026
==================================================
==================================================
Running block_pipeline_calcopt_55sp_np2_rep3
Binary: ./bin/Debug/protspam_block_pipeline_calcopt
Variant: block_pipeline_calcopt
Phase 3 distribution: block
Phase 4 mode: pipeline
calc_matches: calcopt
Filelist: filelist_55
Species: 55
NP: 2
Rep: 3
SLURM_JOB_ID: 8390281
SLURM_JOB_NUM_NODES: 1
SLURM_NTASKS: 64
SLURM_MEM_PER_NODE: 65536
SLURM_NODELIST: ilk-125
Start: Sun Jul 12 03:24:03 AM CEST 2026
==================================================
==================================================
Running block_pipeline_calcopt_55sp_np4_rep1
Binary: ./bin/Debug/protspam_block_pipeline_calcopt
Variant: block_pipeline_calcopt
Phase 3 distribution: block
Phase 4 mode: pipeline
calc_matches: calcopt
Filelist: filelist_55
Species: 55
NP: 4
Rep: 1
SLURM_JOB_ID: 8390281
SLURM_JOB_NUM_NODES: 1
SLURM_NTASKS: 64
SLURM_MEM_PER_NODE: 65536
SLURM_NODELIST: ilk-125
Start: Sun Jul 12 03:47:16 AM CEST 2026
==================================================
==================================================
Running block_pipeline_calcopt_55sp_np4_rep2
Binary: ./bin/Debug/protspam_block_pipeline_calcopt
Variant: block_pipeline_calcopt
Phase 3 distribution: block
Phase 4 mode: pipeline
calc_matches: calcopt
Filelist: filelist_55
Species: 55
NP: 4
Rep: 2
SLURM_JOB_ID: 8390281
SLURM_JOB_NUM_NODES: 1
SLURM_NTASKS: 64
SLURM_MEM_PER_NODE: 65536
SLURM_NODELIST: ilk-125
Start: Sun Jul 12 04:02:22 AM CEST 2026
==================================================
==================================================
Running block_pipeline_calcopt_55sp_np4_rep3
Binary: ./bin/Debug/protspam_block_pipeline_calcopt
Variant: block_pipeline_calcopt
Phase 3 distribution: block
Phase 4 mode: pipeline
calc_matches: calcopt
Filelist: filelist_55
Species: 55
NP: 4
Rep: 3
SLURM_JOB_ID: 8390281
SLURM_JOB_NUM_NODES: 1
SLURM_NTASKS: 64
SLURM_MEM_PER_NODE: 65536
SLURM_NODELIST: ilk-125
Start: Sun Jul 12 04:17:27 AM CEST 2026
==================================================
==================================================
Running block_pipeline_calcopt_55sp_np8_rep1
Binary: ./bin/Debug/protspam_block_pipeline_calcopt
Variant: block_pipeline_calcopt
Phase 3 distribution: block
Phase 4 mode: pipeline
calc_matches: calcopt
Filelist: filelist_55
Species: 55
NP: 8
Rep: 1
SLURM_JOB_ID: 8390281
SLURM_JOB_NUM_NODES: 1
SLURM_NTASKS: 64
SLURM_MEM_PER_NODE: 65536
SLURM_NODELIST: ilk-125
Start: Sun Jul 12 04:32:33 AM CEST 2026
==================================================
==================================================
Running block_pipeline_calcopt_55sp_np8_rep2
Binary: ./bin/Debug/protspam_block_pipeline_calcopt
Variant: block_pipeline_calcopt
Phase 3 distribution: block
Phase 4 mode: pipeline
calc_matches: calcopt
Filelist: filelist_55
Species: 55
NP: 8
Rep: 2
SLURM_JOB_ID: 8390281
SLURM_JOB_NUM_NODES: 1
SLURM_NTASKS: 64
SLURM_MEM_PER_NODE: 65536
SLURM_NODELIST: ilk-125
Start: Sun Jul 12 04:45:02 AM CEST 2026
==================================================
==================================================
Running block_pipeline_calcopt_55sp_np8_rep3
Binary: ./bin/Debug/protspam_block_pipeline_calcopt
Variant: block_pipeline_calcopt
Phase 3 distribution: block
Phase 4 mode: pipeline
calc_matches: calcopt
Filelist: filelist_55
Species: 55
NP: 8
Rep: 3
SLURM_JOB_ID: 8390281
SLURM_JOB_NUM_NODES: 1
SLURM_NTASKS: 64
SLURM_MEM_PER_NODE: 65536
SLURM_NODELIST: ilk-125
Start: Sun Jul 12 04:57:29 AM CEST 2026
==================================================
==================================================
Running block_pipeline_calcopt_55sp_np16_rep1
Binary: ./bin/Debug/protspam_block_pipeline_calcopt
Variant: block_pipeline_calcopt
Phase 3 distribution: block
Phase 4 mode: pipeline
calc_matches: calcopt
Filelist: filelist_55
Species: 55
NP: 16
Rep: 1
SLURM_JOB_ID: 8390281
SLURM_JOB_NUM_NODES: 1
SLURM_NTASKS: 64
SLURM_MEM_PER_NODE: 65536
SLURM_NODELIST: ilk-125
Start: Sun Jul 12 05:09:57 AM CEST 2026
==================================================
==================================================
Running block_pipeline_calcopt_55sp_np16_rep2
Binary: ./bin/Debug/protspam_block_pipeline_calcopt
Variant: block_pipeline_calcopt
Phase 3 distribution: block
Phase 4 mode: pipeline
calc_matches: calcopt
Filelist: filelist_55
Species: 55
NP: 16
Rep: 2
SLURM_JOB_ID: 8390281
SLURM_JOB_NUM_NODES: 1
SLURM_NTASKS: 64
SLURM_MEM_PER_NODE: 65536
SLURM_NODELIST: ilk-125
Start: Sun Jul 12 05:20:53 AM CEST 2026
==================================================
==================================================
Running block_pipeline_calcopt_55sp_np16_rep3
Binary: ./bin/Debug/protspam_block_pipeline_calcopt
Variant: block_pipeline_calcopt
Phase 3 distribution: block
Phase 4 mode: pipeline
calc_matches: calcopt
Filelist: filelist_55
Species: 55
NP: 16
Rep: 3
SLURM_JOB_ID: 8390281
SLURM_JOB_NUM_NODES: 1
SLURM_NTASKS: 64
SLURM_MEM_PER_NODE: 65536
SLURM_NODELIST: ilk-125
Start: Sun Jul 12 05:31:49 AM CEST 2026
==================================================
==================================================
Running block_pipeline_calcopt_55sp_np32_rep1
Binary: ./bin/Debug/protspam_block_pipeline_calcopt
Variant: block_pipeline_calcopt
Phase 3 distribution: block
Phase 4 mode: pipeline
calc_matches: calcopt
Filelist: filelist_55
Species: 55
NP: 32
Rep: 1
SLURM_JOB_ID: 8390281
SLURM_JOB_NUM_NODES: 1
SLURM_NTASKS: 64
SLURM_MEM_PER_NODE: 65536
SLURM_NODELIST: ilk-125
Start: Sun Jul 12 05:42:44 AM CEST 2026
==================================================
==================================================
Running block_pipeline_calcopt_55sp_np32_rep2
Binary: ./bin/Debug/protspam_block_pipeline_calcopt
Variant: block_pipeline_calcopt
Phase 3 distribution: block
Phase 4 mode: pipeline
calc_matches: calcopt
Filelist: filelist_55
Species: 55
NP: 32
Rep: 2
SLURM_JOB_ID: 8390281
SLURM_JOB_NUM_NODES: 1
SLURM_NTASKS: 64
SLURM_MEM_PER_NODE: 65536
SLURM_NODELIST: ilk-125
Start: Sun Jul 12 05:56:09 AM CEST 2026
==================================================
==================================================
Running block_pipeline_calcopt_55sp_np32_rep3
Binary: ./bin/Debug/protspam_block_pipeline_calcopt
Variant: block_pipeline_calcopt
Phase 3 distribution: block
Phase 4 mode: pipeline
calc_matches: calcopt
Filelist: filelist_55
Species: 55
NP: 32
Rep: 3
SLURM_JOB_ID: 8390281
SLURM_JOB_NUM_NODES: 1
SLURM_NTASKS: 64
SLURM_MEM_PER_NODE: 65536
SLURM_NODELIST: ilk-125
Start: Sun Jul 12 06:09:34 AM CEST 2026
==================================================
==================================================
Running block_pipeline_calcopt_55sp_np64_rep1
Binary: ./bin/Debug/protspam_block_pipeline_calcopt
Variant: block_pipeline_calcopt
Phase 3 distribution: block
Phase 4 mode: pipeline
calc_matches: calcopt
Filelist: filelist_55
Species: 55
NP: 64
Rep: 1
SLURM_JOB_ID: 8390281
SLURM_JOB_NUM_NODES: 1
SLURM_NTASKS: 64
SLURM_MEM_PER_NODE: 65536
SLURM_NODELIST: ilk-125
Start: Sun Jul 12 06:22:57 AM CEST 2026
==================================================
==================================================
Running block_pipeline_calcopt_55sp_np64_rep2
Binary: ./bin/Debug/protspam_block_pipeline_calcopt
Variant: block_pipeline_calcopt
Phase 3 distribution: block
Phase 4 mode: pipeline
calc_matches: calcopt
Filelist: filelist_55
Species: 55
NP: 64
Rep: 2
SLURM_JOB_ID: 8390281
SLURM_JOB_NUM_NODES: 1
SLURM_NTASKS: 64
SLURM_MEM_PER_NODE: 65536
SLURM_NODELIST: ilk-125
Start: Sun Jul 12 06:42:50 AM CEST 2026
==================================================
==================================================
Running block_pipeline_calcopt_55sp_np64_rep3
Binary: ./bin/Debug/protspam_block_pipeline_calcopt
Variant: block_pipeline_calcopt
Phase 3 distribution: block
Phase 4 mode: pipeline
calc_matches: calcopt
Filelist: filelist_55
Species: 55
NP: 64
Rep: 3
SLURM_JOB_ID: 8390281
SLURM_JOB_NUM_NODES: 1
SLURM_NTASKS: 64
SLURM_MEM_PER_NODE: 65536
SLURM_NODELIST: ilk-125
Start: Sun Jul 12 07:02:42 AM CEST 2026
==================================================
==================================================
Resumen guardado en: logs_variants_55/resumen_block_pipeline_calcopt_8390281.tsv
==================================================
variant	bin_name	phase3_dist	phase4_mode	calc_variant	job_id	nodes	ntasks_alloc	species	np	rep	status	exit_code	t_phase3_s	t_phase4_s	t_total_program_s	elapsed_seconds	mem_per_node	nodelist	log_file	output_file
block_pipeline_calcopt	protspam_block_pipeline_calcopt	block	pipeline	calcopt	8390281	1	64	55	1	1	OK	0	767.385	2863.62	3646.55	3650	65536	ilk-125	logs_variants_55/block_pipeline_calcopt_55sp_np1_rep1_8390281.log	results_variants_55/DMat_block_pipeline_calcopt_55sp_np1_rep1_8390281
block_pipeline_calcopt	protspam_block_pipeline_calcopt	block	pipeline	calcopt	8390281	1	64	55	1	2	OK	0	762.057	2863.12	3640.91	3644	65536	ilk-125	logs_variants_55/block_pipeline_calcopt_55sp_np1_rep2_8390281.log	results_variants_55/DMat_block_pipeline_calcopt_55sp_np1_rep2_8390281
block_pipeline_calcopt	protspam_block_pipeline_calcopt	block	pipeline	calcopt	8390281	1	64	55	1	3	OK	0	762.648	2867.14	3645.47	3650	65536	ilk-125	logs_variants_55/block_pipeline_calcopt_55sp_np1_rep3_8390281.log	results_variants_55/DMat_block_pipeline_calcopt_55sp_np1_rep3_8390281
block_pipeline_calcopt	protspam_block_pipeline_calcopt	block	pipeline	calcopt	8390281	1	64	55	2	1	OK	0	348.513	1027.55	1393	1395	65536	ilk-125	logs_variants_55/block_pipeline_calcopt_55sp_np2_rep1_8390281.log	results_variants_55/DMat_block_pipeline_calcopt_55sp_np2_rep1_8390281
block_pipeline_calcopt	protspam_block_pipeline_calcopt	block	pipeline	calcopt	8390281	1	64	55	2	2	OK	0	348.778	1025.91	1390.62	1393	65536	ilk-125	logs_variants_55/block_pipeline_calcopt_55sp_np2_rep2_8390281.log	results_variants_55/DMat_block_pipeline_calcopt_55sp_np2_rep2_8390281
block_pipeline_calcopt	protspam_block_pipeline_calcopt	block	pipeline	calcopt	8390281	1	64	55	2	3	OK	0	348.549	1025.89	1390.33	1393	65536	ilk-125	logs_variants_55/block_pipeline_calcopt_55sp_np2_rep3_8390281.log	results_variants_55/DMat_block_pipeline_calcopt_55sp_np2_rep3_8390281
block_pipeline_calcopt	protspam_block_pipeline_calcopt	block	pipeline	calcopt	8390281	1	64	55	4	1	OK	0	145.534	741.141	903.381	906	65536	ilk-125	logs_variants_55/block_pipeline_calcopt_55sp_np4_rep1_8390281.log	results_variants_55/DMat_block_pipeline_calcopt_55sp_np4_rep1_8390281
block_pipeline_calcopt	protspam_block_pipeline_calcopt	block	pipeline	calcopt	8390281	1	64	55	4	2	OK	0	145.306	741.261	903.272	905	65536	ilk-125	logs_variants_55/block_pipeline_calcopt_55sp_np4_rep2_8390281.log	results_variants_55/DMat_block_pipeline_calcopt_55sp_np4_rep2_8390281
block_pipeline_calcopt	protspam_block_pipeline_calcopt	block	pipeline	calcopt	8390281	1	64	55	4	3	OK	0	145.666	741.019	903.406	906	65536	ilk-125	logs_variants_55/block_pipeline_calcopt_55sp_np4_rep3_8390281.log	results_variants_55/DMat_block_pipeline_calcopt_55sp_np4_rep3_8390281
block_pipeline_calcopt	protspam_block_pipeline_calcopt	block	pipeline	calcopt	8390281	1	64	55	8	1	OK	0	87.3458	641.223	745.39	748	65536	ilk-125	logs_variants_55/block_pipeline_calcopt_55sp_np8_rep1_8390281.log	results_variants_55/DMat_block_pipeline_calcopt_55sp_np8_rep1_8390281
block_pipeline_calcopt	protspam_block_pipeline_calcopt	block	pipeline	calcopt	8390281	1	64	55	8	2	OK	0	86.9005	640.983	744.729	747	65536	ilk-125	logs_variants_55/block_pipeline_calcopt_55sp_np8_rep2_8390281.log	results_variants_55/DMat_block_pipeline_calcopt_55sp_np8_rep2_8390281
block_pipeline_calcopt	protspam_block_pipeline_calcopt	block	pipeline	calcopt	8390281	1	64	55	8	3	OK	0	86.6816	641.614	745.139	748	65536	ilk-125	logs_variants_55/block_pipeline_calcopt_55sp_np8_rep3_8390281.log	results_variants_55/DMat_block_pipeline_calcopt_55sp_np8_rep3_8390281
block_pipeline_calcopt	protspam_block_pipeline_calcopt	block	pipeline	calcopt	8390281	1	64	55	16	1	OK	0	53.2775	582.418	652.176	655	65536	ilk-125	logs_variants_55/block_pipeline_calcopt_55sp_np16_rep1_8390281.log	results_variants_55/DMat_block_pipeline_calcopt_55sp_np16_rep1_8390281
block_pipeline_calcopt	protspam_block_pipeline_calcopt	block	pipeline	calcopt	8390281	1	64	55	16	2	OK	0	53.6098	580.791	650.911	656	65536	ilk-125	logs_variants_55/block_pipeline_calcopt_55sp_np16_rep2_8390281.log	results_variants_55/DMat_block_pipeline_calcopt_55sp_np16_rep2_8390281
block_pipeline_calcopt	protspam_block_pipeline_calcopt	block	pipeline	calcopt	8390281	1	64	55	16	3	OK	0	53.1184	582.623	652.205	655	65536	ilk-125	logs_variants_55/block_pipeline_calcopt_55sp_np16_rep3_8390281.log	results_variants_55/DMat_block_pipeline_calcopt_55sp_np16_rep3_8390281
block_pipeline_calcopt	protspam_block_pipeline_calcopt	block	pipeline	calcopt	8390281	1	64	55	32	1	OK	0	25.2079	756.788	798.166	805	65536	ilk-125	logs_variants_55/block_pipeline_calcopt_55sp_np32_rep1_8390281.log	results_variants_55/DMat_block_pipeline_calcopt_55sp_np32_rep1_8390281
block_pipeline_calcopt	protspam_block_pipeline_calcopt	block	pipeline	calcopt	8390281	1	64	55	32	2	OK	0	25.5182	757.891	799.604	805	65536	ilk-125	logs_variants_55/block_pipeline_calcopt_55sp_np32_rep2_8390281.log	results_variants_55/DMat_block_pipeline_calcopt_55sp_np32_rep2_8390281
block_pipeline_calcopt	protspam_block_pipeline_calcopt	block	pipeline	calcopt	8390281	1	64	55	32	3	OK	0	25.1269	756.652	797.95	803	65536	ilk-125	logs_variants_55/block_pipeline_calcopt_55sp_np32_rep3_8390281.log	results_variants_55/DMat_block_pipeline_calcopt_55sp_np32_rep3_8390281
block_pipeline_calcopt	protspam_block_pipeline_calcopt	block	pipeline	calcopt	8390281	1	64	55	64	1	OK	0	13.0788	1154.52	1182.69	1193	65536	ilk-125	logs_variants_55/block_pipeline_calcopt_55sp_np64_rep1_8390281.log	results_variants_55/DMat_block_pipeline_calcopt_55sp_np64_rep1_8390281
block_pipeline_calcopt	protspam_block_pipeline_calcopt	block	pipeline	calcopt	8390281	1	64	55	64	2	OK	0	12.8846	1153.08	1181.07	1192	65536	ilk-125	logs_variants_55/block_pipeline_calcopt_55sp_np64_rep2_8390281.log	results_variants_55/DMat_block_pipeline_calcopt_55sp_np64_rep2_8390281
block_pipeline_calcopt	protspam_block_pipeline_calcopt	block	pipeline	calcopt	8390281	1	64	55	64	3	OK	0	13.1475	1154.87	1183.14	1195	65536	ilk-125	logs_variants_55/block_pipeline_calcopt_55sp_np64_rep3_8390281.log	results_variants_55/DMat_block_pipeline_calcopt_55sp_np64_rep3_8390281

*****************************************************************************
*                                                                           *
*                    JOB EFFICIENCY REPORT (seff 8390281)                   *
*                                                                           *
*****************************************************************************

Job ID: 8390281
Cluster: finisterrae3
User/Group: curso346/ulc
State: COMPLETED (exit code 0)
Nodes: 1
Cores per node: 64
CPU Utilized: 4-01:58:31
CPU Efficiency: 19.65% of 20-18:37:52 core-walltime
Job Wall-clock time: 07:47:28
Memory Utilized: 63.77 GB
Memory Efficiency: 99.63% of 64.00 GB

*****************************************************************************

