slurmstepd: info: Setting TMPDIR to /scratch/8390284. Previous errors about TMPDIR can be discarded
==================================================
Running balanced_pipeline_calcopt_55sp_np1_rep1
Binary: ./bin/Debug/protspam_balanced_pipeline_calcopt
Variant: balanced_pipeline_calcopt
Phase 3 distribution: balanced
Phase 4 mode: pipeline
calc_matches: calcopt
Filelist: filelist_55
Species: 55
NP: 1
Rep: 1
SLURM_JOB_ID: 8390284
SLURM_JOB_NUM_NODES: 1
SLURM_NTASKS: 64
SLURM_MEM_PER_NODE: 65536
SLURM_NODELIST: ilk-126
Start: Sat Jul 11 11:35:11 PM CEST 2026
==================================================
==================================================
Running balanced_pipeline_calcopt_55sp_np1_rep2
Binary: ./bin/Debug/protspam_balanced_pipeline_calcopt
Variant: balanced_pipeline_calcopt
Phase 3 distribution: balanced
Phase 4 mode: pipeline
calc_matches: calcopt
Filelist: filelist_55
Species: 55
NP: 1
Rep: 2
SLURM_JOB_ID: 8390284
SLURM_JOB_NUM_NODES: 1
SLURM_NTASKS: 64
SLURM_MEM_PER_NODE: 65536
SLURM_NODELIST: ilk-126
Start: Sun Jul 12 12:36:15 AM CEST 2026
==================================================
==================================================
Running balanced_pipeline_calcopt_55sp_np1_rep3
Binary: ./bin/Debug/protspam_balanced_pipeline_calcopt
Variant: balanced_pipeline_calcopt
Phase 3 distribution: balanced
Phase 4 mode: pipeline
calc_matches: calcopt
Filelist: filelist_55
Species: 55
NP: 1
Rep: 3
SLURM_JOB_ID: 8390284
SLURM_JOB_NUM_NODES: 1
SLURM_NTASKS: 64
SLURM_MEM_PER_NODE: 65536
SLURM_NODELIST: ilk-126
Start: Sun Jul 12 01:37:01 AM CEST 2026
==================================================
==================================================
Running balanced_pipeline_calcopt_55sp_np2_rep1
Binary: ./bin/Debug/protspam_balanced_pipeline_calcopt
Variant: balanced_pipeline_calcopt
Phase 3 distribution: balanced
Phase 4 mode: pipeline
calc_matches: calcopt
Filelist: filelist_55
Species: 55
NP: 2
Rep: 1
SLURM_JOB_ID: 8390284
SLURM_JOB_NUM_NODES: 1
SLURM_NTASKS: 64
SLURM_MEM_PER_NODE: 65536
SLURM_NODELIST: ilk-126
Start: Sun Jul 12 02:38:10 AM CEST 2026
==================================================
==================================================
Running balanced_pipeline_calcopt_55sp_np2_rep2
Binary: ./bin/Debug/protspam_balanced_pipeline_calcopt
Variant: balanced_pipeline_calcopt
Phase 3 distribution: balanced
Phase 4 mode: pipeline
calc_matches: calcopt
Filelist: filelist_55
Species: 55
NP: 2
Rep: 2
SLURM_JOB_ID: 8390284
SLURM_JOB_NUM_NODES: 1
SLURM_NTASKS: 64
SLURM_MEM_PER_NODE: 65536
SLURM_NODELIST: ilk-126
Start: Sun Jul 12 02:58:36 AM CEST 2026
==================================================
==================================================
Running balanced_pipeline_calcopt_55sp_np2_rep3
Binary: ./bin/Debug/protspam_balanced_pipeline_calcopt
Variant: balanced_pipeline_calcopt
Phase 3 distribution: balanced
Phase 4 mode: pipeline
calc_matches: calcopt
Filelist: filelist_55
Species: 55
NP: 2
Rep: 3
SLURM_JOB_ID: 8390284
SLURM_JOB_NUM_NODES: 1
SLURM_NTASKS: 64
SLURM_MEM_PER_NODE: 65536
SLURM_NODELIST: ilk-126
Start: Sun Jul 12 03:19:02 AM CEST 2026
==================================================
==================================================
Running balanced_pipeline_calcopt_55sp_np4_rep1
Binary: ./bin/Debug/protspam_balanced_pipeline_calcopt
Variant: balanced_pipeline_calcopt
Phase 3 distribution: balanced
Phase 4 mode: pipeline
calc_matches: calcopt
Filelist: filelist_55
Species: 55
NP: 4
Rep: 1
SLURM_JOB_ID: 8390284
SLURM_JOB_NUM_NODES: 1
SLURM_NTASKS: 64
SLURM_MEM_PER_NODE: 65536
SLURM_NODELIST: ilk-126
Start: Sun Jul 12 03:39:28 AM CEST 2026
==================================================
==================================================
Running balanced_pipeline_calcopt_55sp_np4_rep2
Binary: ./bin/Debug/protspam_balanced_pipeline_calcopt
Variant: balanced_pipeline_calcopt
Phase 3 distribution: balanced
Phase 4 mode: pipeline
calc_matches: calcopt
Filelist: filelist_55
Species: 55
NP: 4
Rep: 2
SLURM_JOB_ID: 8390284
SLURM_JOB_NUM_NODES: 1
SLURM_NTASKS: 64
SLURM_MEM_PER_NODE: 65536
SLURM_NODELIST: ilk-126
Start: Sun Jul 12 03:52:57 AM CEST 2026
==================================================
==================================================
Running balanced_pipeline_calcopt_55sp_np4_rep3
Binary: ./bin/Debug/protspam_balanced_pipeline_calcopt
Variant: balanced_pipeline_calcopt
Phase 3 distribution: balanced
Phase 4 mode: pipeline
calc_matches: calcopt
Filelist: filelist_55
Species: 55
NP: 4
Rep: 3
SLURM_JOB_ID: 8390284
SLURM_JOB_NUM_NODES: 1
SLURM_NTASKS: 64
SLURM_MEM_PER_NODE: 65536
SLURM_NODELIST: ilk-126
Start: Sun Jul 12 04:06:26 AM CEST 2026
==================================================
==================================================
Running balanced_pipeline_calcopt_55sp_np8_rep1
Binary: ./bin/Debug/protspam_balanced_pipeline_calcopt
Variant: balanced_pipeline_calcopt
Phase 3 distribution: balanced
Phase 4 mode: pipeline
calc_matches: calcopt
Filelist: filelist_55
Species: 55
NP: 8
Rep: 1
SLURM_JOB_ID: 8390284
SLURM_JOB_NUM_NODES: 1
SLURM_NTASKS: 64
SLURM_MEM_PER_NODE: 65536
SLURM_NODELIST: ilk-126
Start: Sun Jul 12 04:19:54 AM CEST 2026
==================================================
==================================================
Running balanced_pipeline_calcopt_55sp_np8_rep2
Binary: ./bin/Debug/protspam_balanced_pipeline_calcopt
Variant: balanced_pipeline_calcopt
Phase 3 distribution: balanced
Phase 4 mode: pipeline
calc_matches: calcopt
Filelist: filelist_55
Species: 55
NP: 8
Rep: 2
SLURM_JOB_ID: 8390284
SLURM_JOB_NUM_NODES: 1
SLURM_NTASKS: 64
SLURM_MEM_PER_NODE: 65536
SLURM_NODELIST: ilk-126
Start: Sun Jul 12 04:31:00 AM CEST 2026
==================================================
==================================================
Running balanced_pipeline_calcopt_55sp_np8_rep3
Binary: ./bin/Debug/protspam_balanced_pipeline_calcopt
Variant: balanced_pipeline_calcopt
Phase 3 distribution: balanced
Phase 4 mode: pipeline
calc_matches: calcopt
Filelist: filelist_55
Species: 55
NP: 8
Rep: 3
SLURM_JOB_ID: 8390284
SLURM_JOB_NUM_NODES: 1
SLURM_NTASKS: 64
SLURM_MEM_PER_NODE: 65536
SLURM_NODELIST: ilk-126
Start: Sun Jul 12 04:42:10 AM CEST 2026
==================================================
==================================================
Running balanced_pipeline_calcopt_55sp_np16_rep1
Binary: ./bin/Debug/protspam_balanced_pipeline_calcopt
Variant: balanced_pipeline_calcopt
Phase 3 distribution: balanced
Phase 4 mode: pipeline
calc_matches: calcopt
Filelist: filelist_55
Species: 55
NP: 16
Rep: 1
SLURM_JOB_ID: 8390284
SLURM_JOB_NUM_NODES: 1
SLURM_NTASKS: 64
SLURM_MEM_PER_NODE: 65536
SLURM_NODELIST: ilk-126
Start: Sun Jul 12 04:53:18 AM CEST 2026
==================================================
==================================================
Running balanced_pipeline_calcopt_55sp_np16_rep2
Binary: ./bin/Debug/protspam_balanced_pipeline_calcopt
Variant: balanced_pipeline_calcopt
Phase 3 distribution: balanced
Phase 4 mode: pipeline
calc_matches: calcopt
Filelist: filelist_55
Species: 55
NP: 16
Rep: 2
SLURM_JOB_ID: 8390284
SLURM_JOB_NUM_NODES: 1
SLURM_NTASKS: 64
SLURM_MEM_PER_NODE: 65536
SLURM_NODELIST: ilk-126
Start: Sun Jul 12 05:05:28 AM CEST 2026
==================================================
==================================================
Running balanced_pipeline_calcopt_55sp_np16_rep3
Binary: ./bin/Debug/protspam_balanced_pipeline_calcopt
Variant: balanced_pipeline_calcopt
Phase 3 distribution: balanced
Phase 4 mode: pipeline
calc_matches: calcopt
Filelist: filelist_55
Species: 55
NP: 16
Rep: 3
SLURM_JOB_ID: 8390284
SLURM_JOB_NUM_NODES: 1
SLURM_NTASKS: 64
SLURM_MEM_PER_NODE: 65536
SLURM_NODELIST: ilk-126
Start: Sun Jul 12 05:17:38 AM CEST 2026
==================================================
==================================================
Running balanced_pipeline_calcopt_55sp_np32_rep1
Binary: ./bin/Debug/protspam_balanced_pipeline_calcopt
Variant: balanced_pipeline_calcopt
Phase 3 distribution: balanced
Phase 4 mode: pipeline
calc_matches: calcopt
Filelist: filelist_55
Species: 55
NP: 32
Rep: 1
SLURM_JOB_ID: 8390284
SLURM_JOB_NUM_NODES: 1
SLURM_NTASKS: 64
SLURM_MEM_PER_NODE: 65536
SLURM_NODELIST: ilk-126
Start: Sun Jul 12 05:29:49 AM CEST 2026
==================================================
==================================================
Running balanced_pipeline_calcopt_55sp_np32_rep2
Binary: ./bin/Debug/protspam_balanced_pipeline_calcopt
Variant: balanced_pipeline_calcopt
Phase 3 distribution: balanced
Phase 4 mode: pipeline
calc_matches: calcopt
Filelist: filelist_55
Species: 55
NP: 32
Rep: 2
SLURM_JOB_ID: 8390284
SLURM_JOB_NUM_NODES: 1
SLURM_NTASKS: 64
SLURM_MEM_PER_NODE: 65536
SLURM_NODELIST: ilk-126
Start: Sun Jul 12 05:44:19 AM CEST 2026
==================================================
==================================================
Running balanced_pipeline_calcopt_55sp_np32_rep3
Binary: ./bin/Debug/protspam_balanced_pipeline_calcopt
Variant: balanced_pipeline_calcopt
Phase 3 distribution: balanced
Phase 4 mode: pipeline
calc_matches: calcopt
Filelist: filelist_55
Species: 55
NP: 32
Rep: 3
SLURM_JOB_ID: 8390284
SLURM_JOB_NUM_NODES: 1
SLURM_NTASKS: 64
SLURM_MEM_PER_NODE: 65536
SLURM_NODELIST: ilk-126
Start: Sun Jul 12 05:58:49 AM CEST 2026
==================================================
==================================================
Running balanced_pipeline_calcopt_55sp_np64_rep1
Binary: ./bin/Debug/protspam_balanced_pipeline_calcopt
Variant: balanced_pipeline_calcopt
Phase 3 distribution: balanced
Phase 4 mode: pipeline
calc_matches: calcopt
Filelist: filelist_55
Species: 55
NP: 64
Rep: 1
SLURM_JOB_ID: 8390284
SLURM_JOB_NUM_NODES: 1
SLURM_NTASKS: 64
SLURM_MEM_PER_NODE: 65536
SLURM_NODELIST: ilk-126
Start: Sun Jul 12 06:13:19 AM CEST 2026
==================================================
==================================================
Running balanced_pipeline_calcopt_55sp_np64_rep2
Binary: ./bin/Debug/protspam_balanced_pipeline_calcopt
Variant: balanced_pipeline_calcopt
Phase 3 distribution: balanced
Phase 4 mode: pipeline
calc_matches: calcopt
Filelist: filelist_55
Species: 55
NP: 64
Rep: 2
SLURM_JOB_ID: 8390284
SLURM_JOB_NUM_NODES: 1
SLURM_NTASKS: 64
SLURM_MEM_PER_NODE: 65536
SLURM_NODELIST: ilk-126
Start: Sun Jul 12 06:31:34 AM CEST 2026
==================================================
==================================================
Running balanced_pipeline_calcopt_55sp_np64_rep3
Binary: ./bin/Debug/protspam_balanced_pipeline_calcopt
Variant: balanced_pipeline_calcopt
Phase 3 distribution: balanced
Phase 4 mode: pipeline
calc_matches: calcopt
Filelist: filelist_55
Species: 55
NP: 64
Rep: 3
SLURM_JOB_ID: 8390284
SLURM_JOB_NUM_NODES: 1
SLURM_NTASKS: 64
SLURM_MEM_PER_NODE: 65536
SLURM_NODELIST: ilk-126
Start: Sun Jul 12 06:49:49 AM CEST 2026
==================================================
==================================================
Resumen guardado en: logs_variants_55/resumen_balanced_pipeline_calcopt_8390284.tsv
==================================================
variant	bin_name	phase3_dist	phase4_mode	calc_variant	job_id	nodes	ntasks_alloc	species	np	rep	status	exit_code	t_phase3_s	t_phase4_s	t_total_program_s	elapsed_seconds	mem_per_node	nodelist	log_file	output_file
balanced_pipeline_calcopt	protspam_balanced_pipeline_calcopt	balanced	pipeline	calcopt	8390284	1	64	55	1	1	OK	0	776.378	2869.08	3660.95	3664	65536	ilk-126	logs_variants_55/balanced_pipeline_calcopt_55sp_np1_rep1_8390284.log	results_variants_55/DMat_balanced_pipeline_calcopt_55sp_np1_rep1_8390284
balanced_pipeline_calcopt	protspam_balanced_pipeline_calcopt	balanced	pipeline	calcopt	8390284	1	64	55	1	2	OK	0	757.362	2869.54	3642.44	3646	65536	ilk-126	logs_variants_55/balanced_pipeline_calcopt_55sp_np1_rep2_8390284.log	results_variants_55/DMat_balanced_pipeline_calcopt_55sp_np1_rep2_8390284
balanced_pipeline_calcopt	protspam_balanced_pipeline_calcopt	balanced	pipeline	calcopt	8390284	1	64	55	1	3	OK	0	758.07	2891.9	3665.68	3669	65536	ilk-126	logs_variants_55/balanced_pipeline_calcopt_55sp_np1_rep3_8390284.log	results_variants_55/DMat_balanced_pipeline_calcopt_55sp_np1_rep3_8390284
balanced_pipeline_calcopt	protspam_balanced_pipeline_calcopt	balanced	pipeline	calcopt	8390284	1	64	55	2	1	OK	0	370.362	836.013	1223.31	1226	65536	ilk-126	logs_variants_55/balanced_pipeline_calcopt_55sp_np2_rep1_8390284.log	results_variants_55/DMat_balanced_pipeline_calcopt_55sp_np2_rep1_8390284
balanced_pipeline_calcopt	protspam_balanced_pipeline_calcopt	balanced	pipeline	calcopt	8390284	1	64	55	2	2	OK	0	370.999	836.33	1223.27	1226	65536	ilk-126	logs_variants_55/balanced_pipeline_calcopt_55sp_np2_rep2_8390284.log	results_variants_55/DMat_balanced_pipeline_calcopt_55sp_np2_rep2_8390284
balanced_pipeline_calcopt	protspam_balanced_pipeline_calcopt	balanced	pipeline	calcopt	8390284	1	64	55	2	3	OK	0	370.826	836.204	1222.92	1226	65536	ilk-126	logs_variants_55/balanced_pipeline_calcopt_55sp_np2_rep3_8390284.log	results_variants_55/DMat_balanced_pipeline_calcopt_55sp_np2_rep3_8390284
balanced_pipeline_calcopt	protspam_balanced_pipeline_calcopt	balanced	pipeline	calcopt	8390284	1	64	55	4	1	OK	0	186.865	602.899	806.276	809	65536	ilk-126	logs_variants_55/balanced_pipeline_calcopt_55sp_np4_rep1_8390284.log	results_variants_55/DMat_balanced_pipeline_calcopt_55sp_np4_rep1_8390284
balanced_pipeline_calcopt	protspam_balanced_pipeline_calcopt	balanced	pipeline	calcopt	8390284	1	64	55	4	2	OK	0	187.262	602.73	806.507	808	65536	ilk-126	logs_variants_55/balanced_pipeline_calcopt_55sp_np4_rep2_8390284.log	results_variants_55/DMat_balanced_pipeline_calcopt_55sp_np4_rep2_8390284
balanced_pipeline_calcopt	protspam_balanced_pipeline_calcopt	balanced	pipeline	calcopt	8390284	1	64	55	4	3	OK	0	186.729	603.098	806.328	808	65536	ilk-126	logs_variants_55/balanced_pipeline_calcopt_55sp_np4_rep3_8390284.log	results_variants_55/DMat_balanced_pipeline_calcopt_55sp_np4_rep3_8390284
balanced_pipeline_calcopt	protspam_balanced_pipeline_calcopt	balanced	pipeline	calcopt	8390284	1	64	55	8	1	OK	0	95.1304	551.464	663.37	666	65536	ilk-126	logs_variants_55/balanced_pipeline_calcopt_55sp_np8_rep1_8390284.log	results_variants_55/DMat_balanced_pipeline_calcopt_55sp_np8_rep1_8390284
balanced_pipeline_calcopt	protspam_balanced_pipeline_calcopt	balanced	pipeline	calcopt	8390284	1	64	55	8	2	OK	0	95.5812	552.942	665.31	670	65536	ilk-126	logs_variants_55/balanced_pipeline_calcopt_55sp_np8_rep2_8390284.log	results_variants_55/DMat_balanced_pipeline_calcopt_55sp_np8_rep2_8390284
balanced_pipeline_calcopt	protspam_balanced_pipeline_calcopt	balanced	pipeline	calcopt	8390284	1	64	55	8	3	OK	0	95.5683	553.174	665.531	668	65536	ilk-126	logs_variants_55/balanced_pipeline_calcopt_55sp_np8_rep3_8390284.log	results_variants_55/DMat_balanced_pipeline_calcopt_55sp_np8_rep3_8390284
balanced_pipeline_calcopt	protspam_balanced_pipeline_calcopt	balanced	pipeline	calcopt	8390284	1	64	55	16	1	OK	0	72.7924	637.464	726.73	730	65536	ilk-126	logs_variants_55/balanced_pipeline_calcopt_55sp_np16_rep1_8390284.log	results_variants_55/DMat_balanced_pipeline_calcopt_55sp_np16_rep1_8390284
balanced_pipeline_calcopt	protspam_balanced_pipeline_calcopt	balanced	pipeline	calcopt	8390284	1	64	55	16	2	OK	0	72.52	637.653	726.639	730	65536	ilk-126	logs_variants_55/balanced_pipeline_calcopt_55sp_np16_rep2_8390284.log	results_variants_55/DMat_balanced_pipeline_calcopt_55sp_np16_rep2_8390284
balanced_pipeline_calcopt	protspam_balanced_pipeline_calcopt	balanced	pipeline	calcopt	8390284	1	64	55	16	3	OK	0	72.7577	637.451	726.672	731	65536	ilk-126	logs_variants_55/balanced_pipeline_calcopt_55sp_np16_rep3_8390284.log	results_variants_55/DMat_balanced_pipeline_calcopt_55sp_np16_rep3_8390284
balanced_pipeline_calcopt	protspam_balanced_pipeline_calcopt	balanced	pipeline	calcopt	8390284	1	64	55	32	1	OK	0	74.1048	775.329	865.061	870	65536	ilk-126	logs_variants_55/balanced_pipeline_calcopt_55sp_np32_rep1_8390284.log	results_variants_55/DMat_balanced_pipeline_calcopt_55sp_np32_rep1_8390284
balanced_pipeline_calcopt	protspam_balanced_pipeline_calcopt	balanced	pipeline	calcopt	8390284	1	64	55	32	2	OK	0	74.0718	774.907	864.581	870	65536	ilk-126	logs_variants_55/balanced_pipeline_calcopt_55sp_np32_rep2_8390284.log	results_variants_55/DMat_balanced_pipeline_calcopt_55sp_np32_rep2_8390284
balanced_pipeline_calcopt	protspam_balanced_pipeline_calcopt	balanced	pipeline	calcopt	8390284	1	64	55	32	3	OK	0	74.1481	774.416	864.166	869	65536	ilk-126	logs_variants_55/balanced_pipeline_calcopt_55sp_np32_rep3_8390284.log	results_variants_55/DMat_balanced_pipeline_calcopt_55sp_np32_rep3_8390284
balanced_pipeline_calcopt	protspam_balanced_pipeline_calcopt	balanced	pipeline	calcopt	8390284	1	64	55	64	1	OK	0	74.1801	995.882	1084.8	1095	65536	ilk-126	logs_variants_55/balanced_pipeline_calcopt_55sp_np64_rep1_8390284.log	results_variants_55/DMat_balanced_pipeline_calcopt_55sp_np64_rep1_8390284
balanced_pipeline_calcopt	protspam_balanced_pipeline_calcopt	balanced	pipeline	calcopt	8390284	1	64	55	64	2	OK	0	74.2851	995.159	1084.17	1095	65536	ilk-126	logs_variants_55/balanced_pipeline_calcopt_55sp_np64_rep2_8390284.log	results_variants_55/DMat_balanced_pipeline_calcopt_55sp_np64_rep2_8390284
balanced_pipeline_calcopt	protspam_balanced_pipeline_calcopt	balanced	pipeline	calcopt	8390284	1	64	55	64	3	OK	0	74.44	997.177	1086.38	1098	65536	ilk-126	logs_variants_55/balanced_pipeline_calcopt_55sp_np64_rep3_8390284.log	results_variants_55/DMat_balanced_pipeline_calcopt_55sp_np64_rep3_8390284

*****************************************************************************
*                                                                           *
*                    JOB EFFICIENCY REPORT (seff 8390284)                   *
*                                                                           *
*****************************************************************************

Job ID: 8390284
Cluster: finisterrae3
User/Group: curso346/ulc
State: COMPLETED (exit code 0)
Nodes: 1
Cores per node: 64
CPU Utilized: 3-23:05:41
CPU Efficiency: 19.68% of 20-03:09:52 core-walltime
Job Wall-clock time: 07:32:58
Memory Utilized: 63.76 GB
Memory Efficiency: 99.63% of 64.00 GB

*****************************************************************************

