slurmstepd: info: Setting TMPDIR to /scratch/8387517. Previous errors about TMPDIR can be discarded
==================================================
Running block_base_calcbase_55sp_np1_rep1
Binary: ./bin/Debug/protspam_block_base_calcbase
Variant: block_base_calcbase
Phase 3 distribution: block
Phase 4 mode: base
calc_matches: calcbase
Filelist: filelist_55
Species: 55
NP: 1
Rep: 1
SLURM_JOB_ID: 8387517
SLURM_JOB_NUM_NODES: 1
SLURM_NTASKS: 64
SLURM_MEM_PER_NODE: 65536
SLURM_NODELIST: ilk-207
Start: Sat Jul 11 04:08:34 PM CEST 2026
==================================================
==================================================
Running block_base_calcbase_55sp_np1_rep2
Binary: ./bin/Debug/protspam_block_base_calcbase
Variant: block_base_calcbase
Phase 3 distribution: block
Phase 4 mode: base
calc_matches: calcbase
Filelist: filelist_55
Species: 55
NP: 1
Rep: 2
SLURM_JOB_ID: 8387517
SLURM_JOB_NUM_NODES: 1
SLURM_NTASKS: 64
SLURM_MEM_PER_NODE: 65536
SLURM_NODELIST: ilk-207
Start: Sat Jul 11 04:21:29 PM CEST 2026
==================================================
==================================================
Running block_base_calcbase_55sp_np1_rep3
Binary: ./bin/Debug/protspam_block_base_calcbase
Variant: block_base_calcbase
Phase 3 distribution: block
Phase 4 mode: base
calc_matches: calcbase
Filelist: filelist_55
Species: 55
NP: 1
Rep: 3
SLURM_JOB_ID: 8387517
SLURM_JOB_NUM_NODES: 1
SLURM_NTASKS: 64
SLURM_MEM_PER_NODE: 65536
SLURM_NODELIST: ilk-207
Start: Sat Jul 11 04:34:23 PM CEST 2026
==================================================
==================================================
Running block_base_calcbase_55sp_np2_rep1
Binary: ./bin/Debug/protspam_block_base_calcbase
Variant: block_base_calcbase
Phase 3 distribution: block
Phase 4 mode: base
calc_matches: calcbase
Filelist: filelist_55
Species: 55
NP: 2
Rep: 1
SLURM_JOB_ID: 8387517
SLURM_JOB_NUM_NODES: 1
SLURM_NTASKS: 64
SLURM_MEM_PER_NODE: 65536
SLURM_NODELIST: ilk-207
Start: Sat Jul 11 04:47:17 PM CEST 2026
==================================================
==================================================
Running block_base_calcbase_55sp_np2_rep2
Binary: ./bin/Debug/protspam_block_base_calcbase
Variant: block_base_calcbase
Phase 3 distribution: block
Phase 4 mode: base
calc_matches: calcbase
Filelist: filelist_55
Species: 55
NP: 2
Rep: 2
SLURM_JOB_ID: 8387517
SLURM_JOB_NUM_NODES: 1
SLURM_NTASKS: 64
SLURM_MEM_PER_NODE: 65536
SLURM_NODELIST: ilk-207
Start: Sat Jul 11 04:53:42 PM CEST 2026
==================================================
==================================================
Running block_base_calcbase_55sp_np2_rep3
Binary: ./bin/Debug/protspam_block_base_calcbase
Variant: block_base_calcbase
Phase 3 distribution: block
Phase 4 mode: base
calc_matches: calcbase
Filelist: filelist_55
Species: 55
NP: 2
Rep: 3
SLURM_JOB_ID: 8387517
SLURM_JOB_NUM_NODES: 1
SLURM_NTASKS: 64
SLURM_MEM_PER_NODE: 65536
SLURM_NODELIST: ilk-207
Start: Sat Jul 11 05:00:05 PM CEST 2026
==================================================
==================================================
Running block_base_calcbase_55sp_np4_rep1
Binary: ./bin/Debug/protspam_block_base_calcbase
Variant: block_base_calcbase
Phase 3 distribution: block
Phase 4 mode: base
calc_matches: calcbase
Filelist: filelist_55
Species: 55
NP: 4
Rep: 1
SLURM_JOB_ID: 8387517
SLURM_JOB_NUM_NODES: 1
SLURM_NTASKS: 64
SLURM_MEM_PER_NODE: 65536
SLURM_NODELIST: ilk-207
Start: Sat Jul 11 05:06:30 PM CEST 2026
==================================================
==================================================
Running block_base_calcbase_55sp_np4_rep2
Binary: ./bin/Debug/protspam_block_base_calcbase
Variant: block_base_calcbase
Phase 3 distribution: block
Phase 4 mode: base
calc_matches: calcbase
Filelist: filelist_55
Species: 55
NP: 4
Rep: 2
SLURM_JOB_ID: 8387517
SLURM_JOB_NUM_NODES: 1
SLURM_NTASKS: 64
SLURM_MEM_PER_NODE: 65536
SLURM_NODELIST: ilk-207
Start: Sat Jul 11 05:09:28 PM CEST 2026
==================================================
==================================================
Running block_base_calcbase_55sp_np4_rep3
Binary: ./bin/Debug/protspam_block_base_calcbase
Variant: block_base_calcbase
Phase 3 distribution: block
Phase 4 mode: base
calc_matches: calcbase
Filelist: filelist_55
Species: 55
NP: 4
Rep: 3
SLURM_JOB_ID: 8387517
SLURM_JOB_NUM_NODES: 1
SLURM_NTASKS: 64
SLURM_MEM_PER_NODE: 65536
SLURM_NODELIST: ilk-207
Start: Sat Jul 11 05:12:27 PM CEST 2026
==================================================
==================================================
Running block_base_calcbase_55sp_np8_rep1
Binary: ./bin/Debug/protspam_block_base_calcbase
Variant: block_base_calcbase
Phase 3 distribution: block
Phase 4 mode: base
calc_matches: calcbase
Filelist: filelist_55
Species: 55
NP: 8
Rep: 1
SLURM_JOB_ID: 8387517
SLURM_JOB_NUM_NODES: 1
SLURM_NTASKS: 64
SLURM_MEM_PER_NODE: 65536
SLURM_NODELIST: ilk-207
Start: Sat Jul 11 05:15:25 PM CEST 2026
==================================================
==================================================
Running block_base_calcbase_55sp_np8_rep2
Binary: ./bin/Debug/protspam_block_base_calcbase
Variant: block_base_calcbase
Phase 3 distribution: block
Phase 4 mode: base
calc_matches: calcbase
Filelist: filelist_55
Species: 55
NP: 8
Rep: 2
SLURM_JOB_ID: 8387517
SLURM_JOB_NUM_NODES: 1
SLURM_NTASKS: 64
SLURM_MEM_PER_NODE: 65536
SLURM_NODELIST: ilk-207
Start: Sat Jul 11 05:17:22 PM CEST 2026
==================================================
==================================================
Running block_base_calcbase_55sp_np8_rep3
Binary: ./bin/Debug/protspam_block_base_calcbase
Variant: block_base_calcbase
Phase 3 distribution: block
Phase 4 mode: base
calc_matches: calcbase
Filelist: filelist_55
Species: 55
NP: 8
Rep: 3
SLURM_JOB_ID: 8387517
SLURM_JOB_NUM_NODES: 1
SLURM_NTASKS: 64
SLURM_MEM_PER_NODE: 65536
SLURM_NODELIST: ilk-207
Start: Sat Jul 11 05:19:19 PM CEST 2026
==================================================
==================================================
Running block_base_calcbase_55sp_np16_rep1
Binary: ./bin/Debug/protspam_block_base_calcbase
Variant: block_base_calcbase
Phase 3 distribution: block
Phase 4 mode: base
calc_matches: calcbase
Filelist: filelist_55
Species: 55
NP: 16
Rep: 1
SLURM_JOB_ID: 8387517
SLURM_JOB_NUM_NODES: 1
SLURM_NTASKS: 64
SLURM_MEM_PER_NODE: 65536
SLURM_NODELIST: ilk-207
Start: Sat Jul 11 05:21:18 PM CEST 2026
==================================================
==================================================
Running block_base_calcbase_55sp_np16_rep2
Binary: ./bin/Debug/protspam_block_base_calcbase
Variant: block_base_calcbase
Phase 3 distribution: block
Phase 4 mode: base
calc_matches: calcbase
Filelist: filelist_55
Species: 55
NP: 16
Rep: 2
SLURM_JOB_ID: 8387517
SLURM_JOB_NUM_NODES: 1
SLURM_NTASKS: 64
SLURM_MEM_PER_NODE: 65536
SLURM_NODELIST: ilk-207
Start: Sat Jul 11 05:22:37 PM CEST 2026
==================================================
==================================================
Running block_base_calcbase_55sp_np16_rep3
Binary: ./bin/Debug/protspam_block_base_calcbase
Variant: block_base_calcbase
Phase 3 distribution: block
Phase 4 mode: base
calc_matches: calcbase
Filelist: filelist_55
Species: 55
NP: 16
Rep: 3
SLURM_JOB_ID: 8387517
SLURM_JOB_NUM_NODES: 1
SLURM_NTASKS: 64
SLURM_MEM_PER_NODE: 65536
SLURM_NODELIST: ilk-207
Start: Sat Jul 11 05:23:59 PM CEST 2026
==================================================
==================================================
Running block_base_calcbase_55sp_np32_rep1
Binary: ./bin/Debug/protspam_block_base_calcbase
Variant: block_base_calcbase
Phase 3 distribution: block
Phase 4 mode: base
calc_matches: calcbase
Filelist: filelist_55
Species: 55
NP: 32
Rep: 1
SLURM_JOB_ID: 8387517
SLURM_JOB_NUM_NODES: 1
SLURM_NTASKS: 64
SLURM_MEM_PER_NODE: 65536
SLURM_NODELIST: ilk-207
Start: Sat Jul 11 05:25:20 PM CEST 2026
==================================================
==================================================
Running block_base_calcbase_55sp_np32_rep2
Binary: ./bin/Debug/protspam_block_base_calcbase
Variant: block_base_calcbase
Phase 3 distribution: block
Phase 4 mode: base
calc_matches: calcbase
Filelist: filelist_55
Species: 55
NP: 32
Rep: 2
SLURM_JOB_ID: 8387517
SLURM_JOB_NUM_NODES: 1
SLURM_NTASKS: 64
SLURM_MEM_PER_NODE: 65536
SLURM_NODELIST: ilk-207
Start: Sat Jul 11 05:26:11 PM CEST 2026
==================================================
==================================================
Running block_base_calcbase_55sp_np32_rep3
Binary: ./bin/Debug/protspam_block_base_calcbase
Variant: block_base_calcbase
Phase 3 distribution: block
Phase 4 mode: base
calc_matches: calcbase
Filelist: filelist_55
Species: 55
NP: 32
Rep: 3
SLURM_JOB_ID: 8387517
SLURM_JOB_NUM_NODES: 1
SLURM_NTASKS: 64
SLURM_MEM_PER_NODE: 65536
SLURM_NODELIST: ilk-207
Start: Sat Jul 11 05:27:02 PM CEST 2026
==================================================
==================================================
Running block_base_calcbase_55sp_np64_rep1
Binary: ./bin/Debug/protspam_block_base_calcbase
Variant: block_base_calcbase
Phase 3 distribution: block
Phase 4 mode: base
calc_matches: calcbase
Filelist: filelist_55
Species: 55
NP: 64
Rep: 1
SLURM_JOB_ID: 8387517
SLURM_JOB_NUM_NODES: 1
SLURM_NTASKS: 64
SLURM_MEM_PER_NODE: 65536
SLURM_NODELIST: ilk-207
Start: Sat Jul 11 05:27:52 PM CEST 2026
==================================================
==================================================
Running block_base_calcbase_55sp_np64_rep2
Binary: ./bin/Debug/protspam_block_base_calcbase
Variant: block_base_calcbase
Phase 3 distribution: block
Phase 4 mode: base
calc_matches: calcbase
Filelist: filelist_55
Species: 55
NP: 64
Rep: 2
SLURM_JOB_ID: 8387517
SLURM_JOB_NUM_NODES: 1
SLURM_NTASKS: 64
SLURM_MEM_PER_NODE: 65536
SLURM_NODELIST: ilk-207
Start: Sat Jul 11 05:28:33 PM CEST 2026
==================================================
==================================================
Running block_base_calcbase_55sp_np64_rep3
Binary: ./bin/Debug/protspam_block_base_calcbase
Variant: block_base_calcbase
Phase 3 distribution: block
Phase 4 mode: base
calc_matches: calcbase
Filelist: filelist_55
Species: 55
NP: 64
Rep: 3
SLURM_JOB_ID: 8387517
SLURM_JOB_NUM_NODES: 1
SLURM_NTASKS: 64
SLURM_MEM_PER_NODE: 65536
SLURM_NODELIST: ilk-207
Start: Sat Jul 11 05:29:15 PM CEST 2026
==================================================
==================================================
Resumen guardado en: logs_variants_55/resumen_block_base_calcbase_8387517.tsv
==================================================
variant	bin_name	phase3_dist	phase4_mode	calc_variant	job_id	nodes	ntasks_alloc	species	np	rep	status	exit_code	t_phase3_s	t_phase4_s	t_total_program_s	elapsed_seconds	mem_per_node	nodelist	log_file	output_file
block_base_calcbase	protspam_block_base_calcbase	block	base	calcbase	8387517	1	64	55	1	1	FAIL	137	NA	NA	NA	775	65536	ilk-207	logs_variants_55/block_base_calcbase_55sp_np1_rep1_8387517.log	results_variants_55/DMat_block_base_calcbase_55sp_np1_rep1_8387517
block_base_calcbase	protspam_block_base_calcbase	block	base	calcbase	8387517	1	64	55	1	2	FAIL	137	NA	NA	NA	774	65536	ilk-207	logs_variants_55/block_base_calcbase_55sp_np1_rep2_8387517.log	results_variants_55/DMat_block_base_calcbase_55sp_np1_rep2_8387517
block_base_calcbase	protspam_block_base_calcbase	block	base	calcbase	8387517	1	64	55	1	3	FAIL	137	NA	NA	NA	774	65536	ilk-207	logs_variants_55/block_base_calcbase_55sp_np1_rep3_8387517.log	results_variants_55/DMat_block_base_calcbase_55sp_np1_rep3_8387517
block_base_calcbase	protspam_block_base_calcbase	block	base	calcbase	8387517	1	64	55	2	1	FAIL	137	NA	NA	NA	385	65536	ilk-207	logs_variants_55/block_base_calcbase_55sp_np2_rep1_8387517.log	results_variants_55/DMat_block_base_calcbase_55sp_np2_rep1_8387517
block_base_calcbase	protspam_block_base_calcbase	block	base	calcbase	8387517	1	64	55	2	2	FAIL	137	NA	NA	NA	383	65536	ilk-207	logs_variants_55/block_base_calcbase_55sp_np2_rep2_8387517.log	results_variants_55/DMat_block_base_calcbase_55sp_np2_rep2_8387517
block_base_calcbase	protspam_block_base_calcbase	block	base	calcbase	8387517	1	64	55	2	3	FAIL	137	NA	NA	NA	385	65536	ilk-207	logs_variants_55/block_base_calcbase_55sp_np2_rep3_8387517.log	results_variants_55/DMat_block_base_calcbase_55sp_np2_rep3_8387517
block_base_calcbase	protspam_block_base_calcbase	block	base	calcbase	8387517	1	64	55	4	1	FAIL	137	NA	NA	NA	178	65536	ilk-207	logs_variants_55/block_base_calcbase_55sp_np4_rep1_8387517.log	results_variants_55/DMat_block_base_calcbase_55sp_np4_rep1_8387517
block_base_calcbase	protspam_block_base_calcbase	block	base	calcbase	8387517	1	64	55	4	2	FAIL	137	NA	NA	NA	178	65536	ilk-207	logs_variants_55/block_base_calcbase_55sp_np4_rep2_8387517.log	results_variants_55/DMat_block_base_calcbase_55sp_np4_rep2_8387517
block_base_calcbase	protspam_block_base_calcbase	block	base	calcbase	8387517	1	64	55	4	3	FAIL	137	NA	NA	NA	178	65536	ilk-207	logs_variants_55/block_base_calcbase_55sp_np4_rep3_8387517.log	results_variants_55/DMat_block_base_calcbase_55sp_np4_rep3_8387517
block_base_calcbase	protspam_block_base_calcbase	block	base	calcbase	8387517	1	64	55	8	1	FAIL	137	NA	NA	NA	117	65536	ilk-207	logs_variants_55/block_base_calcbase_55sp_np8_rep1_8387517.log	results_variants_55/DMat_block_base_calcbase_55sp_np8_rep1_8387517
block_base_calcbase	protspam_block_base_calcbase	block	base	calcbase	8387517	1	64	55	8	2	FAIL	137	NA	NA	NA	117	65536	ilk-207	logs_variants_55/block_base_calcbase_55sp_np8_rep2_8387517.log	results_variants_55/DMat_block_base_calcbase_55sp_np8_rep2_8387517
block_base_calcbase	protspam_block_base_calcbase	block	base	calcbase	8387517	1	64	55	8	3	FAIL	137	NA	NA	NA	119	65536	ilk-207	logs_variants_55/block_base_calcbase_55sp_np8_rep3_8387517.log	results_variants_55/DMat_block_base_calcbase_55sp_np8_rep3_8387517
block_base_calcbase	protspam_block_base_calcbase	block	base	calcbase	8387517	1	64	55	16	1	FAIL	137	NA	NA	NA	79	65536	ilk-207	logs_variants_55/block_base_calcbase_55sp_np16_rep1_8387517.log	results_variants_55/DMat_block_base_calcbase_55sp_np16_rep1_8387517
block_base_calcbase	protspam_block_base_calcbase	block	base	calcbase	8387517	1	64	55	16	2	FAIL	137	NA	NA	NA	82	65536	ilk-207	logs_variants_55/block_base_calcbase_55sp_np16_rep2_8387517.log	results_variants_55/DMat_block_base_calcbase_55sp_np16_rep2_8387517
block_base_calcbase	protspam_block_base_calcbase	block	base	calcbase	8387517	1	64	55	16	3	FAIL	137	NA	NA	NA	81	65536	ilk-207	logs_variants_55/block_base_calcbase_55sp_np16_rep3_8387517.log	results_variants_55/DMat_block_base_calcbase_55sp_np16_rep3_8387517
block_base_calcbase	protspam_block_base_calcbase	block	base	calcbase	8387517	1	64	55	32	1	FAIL	137	NA	NA	NA	51	65536	ilk-207	logs_variants_55/block_base_calcbase_55sp_np32_rep1_8387517.log	results_variants_55/DMat_block_base_calcbase_55sp_np32_rep1_8387517
block_base_calcbase	protspam_block_base_calcbase	block	base	calcbase	8387517	1	64	55	32	2	FAIL	137	NA	NA	NA	51	65536	ilk-207	logs_variants_55/block_base_calcbase_55sp_np32_rep2_8387517.log	results_variants_55/DMat_block_base_calcbase_55sp_np32_rep2_8387517
block_base_calcbase	protspam_block_base_calcbase	block	base	calcbase	8387517	1	64	55	32	3	FAIL	137	NA	NA	NA	50	65536	ilk-207	logs_variants_55/block_base_calcbase_55sp_np32_rep3_8387517.log	results_variants_55/DMat_block_base_calcbase_55sp_np32_rep3_8387517
block_base_calcbase	protspam_block_base_calcbase	block	base	calcbase	8387517	1	64	55	64	1	FAIL	137	NA	NA	NA	41	65536	ilk-207	logs_variants_55/block_base_calcbase_55sp_np64_rep1_8387517.log	results_variants_55/DMat_block_base_calcbase_55sp_np64_rep1_8387517
block_base_calcbase	protspam_block_base_calcbase	block	base	calcbase	8387517	1	64	55	64	2	FAIL	137	NA	NA	NA	42	65536	ilk-207	logs_variants_55/block_base_calcbase_55sp_np64_rep2_8387517.log	results_variants_55/DMat_block_base_calcbase_55sp_np64_rep2_8387517
block_base_calcbase	protspam_block_base_calcbase	block	base	calcbase	8387517	1	64	55	64	3	FAIL	137	NA	NA	NA	41	65536	ilk-207	logs_variants_55/block_base_calcbase_55sp_np64_rep3_8387517.log	results_variants_55/DMat_block_base_calcbase_55sp_np64_rep3_8387517
