slurmstepd: info: Setting TMPDIR to /scratch/8413351. Previous errors about TMPDIR can be discarded
==================================================
Running block_pipeline_metacache_idxmap_batch4_calcbase_55sp_np1_rep1
Binary: ./bin/Debug/protspam_block_pipeline_metacache_idxmap_batch_calcbase
Variant: block_pipeline_metacache_idxmap_batch4_calcbase
Phase 3 distribution: block
Phase 4 mode: pipeline_metacache_idxmap_batch4
calc_matches: calcbase
Batch size: 4
Filelist: filelist_55
Species: 55
NP: 1
Rep: 1
SLURM_JOB_ID: 8413351
SLURM_JOB_NUM_NODES: 1
SLURM_NTASKS: 64
SLURM_MEM_PER_NODE: 65536
SLURM_NODELIST: ilk-111
Start: Sun Jul 12 10:29:27 PM CEST 2026
==================================================
==================================================
Running block_pipeline_metacache_idxmap_batch4_calcbase_55sp_np1_rep2
Binary: ./bin/Debug/protspam_block_pipeline_metacache_idxmap_batch_calcbase
Variant: block_pipeline_metacache_idxmap_batch4_calcbase
Phase 3 distribution: block
Phase 4 mode: pipeline_metacache_idxmap_batch4
calc_matches: calcbase
Batch size: 4
Filelist: filelist_55
Species: 55
NP: 1
Rep: 2
SLURM_JOB_ID: 8413351
SLURM_JOB_NUM_NODES: 1
SLURM_NTASKS: 64
SLURM_MEM_PER_NODE: 65536
SLURM_NODELIST: ilk-111
Start: Sun Jul 12 11:15:52 PM CEST 2026
==================================================
==================================================
Running block_pipeline_metacache_idxmap_batch4_calcbase_55sp_np1_rep3
Binary: ./bin/Debug/protspam_block_pipeline_metacache_idxmap_batch_calcbase
Variant: block_pipeline_metacache_idxmap_batch4_calcbase
Phase 3 distribution: block
Phase 4 mode: pipeline_metacache_idxmap_batch4
calc_matches: calcbase
Batch size: 4
Filelist: filelist_55
Species: 55
NP: 1
Rep: 3
SLURM_JOB_ID: 8413351
SLURM_JOB_NUM_NODES: 1
SLURM_NTASKS: 64
SLURM_MEM_PER_NODE: 65536
SLURM_NODELIST: ilk-111
Start: Mon Jul 13 12:02:08 AM CEST 2026
==================================================
==================================================
Running block_pipeline_metacache_idxmap_batch4_calcbase_55sp_np2_rep1
Binary: ./bin/Debug/protspam_block_pipeline_metacache_idxmap_batch_calcbase
Variant: block_pipeline_metacache_idxmap_batch4_calcbase
Phase 3 distribution: block
Phase 4 mode: pipeline_metacache_idxmap_batch4
calc_matches: calcbase
Batch size: 4
Filelist: filelist_55
Species: 55
NP: 2
Rep: 1
SLURM_JOB_ID: 8413351
SLURM_JOB_NUM_NODES: 1
SLURM_NTASKS: 64
SLURM_MEM_PER_NODE: 65536
SLURM_NODELIST: ilk-111
Start: Mon Jul 13 12:48:10 AM CEST 2026
==================================================
==================================================
Running block_pipeline_metacache_idxmap_batch4_calcbase_55sp_np2_rep2
Binary: ./bin/Debug/protspam_block_pipeline_metacache_idxmap_batch_calcbase
Variant: block_pipeline_metacache_idxmap_batch4_calcbase
Phase 3 distribution: block
Phase 4 mode: pipeline_metacache_idxmap_batch4
calc_matches: calcbase
Batch size: 4
Filelist: filelist_55
Species: 55
NP: 2
Rep: 2
SLURM_JOB_ID: 8413351
SLURM_JOB_NUM_NODES: 1
SLURM_NTASKS: 64
SLURM_MEM_PER_NODE: 65536
SLURM_NODELIST: ilk-111
Start: Mon Jul 13 01:15:25 AM CEST 2026
==================================================
==================================================
Running block_pipeline_metacache_idxmap_batch4_calcbase_55sp_np2_rep3
Binary: ./bin/Debug/protspam_block_pipeline_metacache_idxmap_batch_calcbase
Variant: block_pipeline_metacache_idxmap_batch4_calcbase
Phase 3 distribution: block
Phase 4 mode: pipeline_metacache_idxmap_batch4
calc_matches: calcbase
Batch size: 4
Filelist: filelist_55
Species: 55
NP: 2
Rep: 3
SLURM_JOB_ID: 8413351
SLURM_JOB_NUM_NODES: 1
SLURM_NTASKS: 64
SLURM_MEM_PER_NODE: 65536
SLURM_NODELIST: ilk-111
Start: Mon Jul 13 01:42:40 AM CEST 2026
==================================================
==================================================
Running block_pipeline_metacache_idxmap_batch4_calcbase_55sp_np4_rep1
Binary: ./bin/Debug/protspam_block_pipeline_metacache_idxmap_batch_calcbase
Variant: block_pipeline_metacache_idxmap_batch4_calcbase
Phase 3 distribution: block
Phase 4 mode: pipeline_metacache_idxmap_batch4
calc_matches: calcbase
Batch size: 4
Filelist: filelist_55
Species: 55
NP: 4
Rep: 1
SLURM_JOB_ID: 8413351
SLURM_JOB_NUM_NODES: 1
SLURM_NTASKS: 64
SLURM_MEM_PER_NODE: 65536
SLURM_NODELIST: ilk-111
Start: Mon Jul 13 02:09:56 AM CEST 2026
==================================================
==================================================
Running block_pipeline_metacache_idxmap_batch4_calcbase_55sp_np4_rep2
Binary: ./bin/Debug/protspam_block_pipeline_metacache_idxmap_batch_calcbase
Variant: block_pipeline_metacache_idxmap_batch4_calcbase
Phase 3 distribution: block
Phase 4 mode: pipeline_metacache_idxmap_batch4
calc_matches: calcbase
Batch size: 4
Filelist: filelist_55
Species: 55
NP: 4
Rep: 2
SLURM_JOB_ID: 8413351
SLURM_JOB_NUM_NODES: 1
SLURM_NTASKS: 64
SLURM_MEM_PER_NODE: 65536
SLURM_NODELIST: ilk-111
Start: Mon Jul 13 02:29:23 AM CEST 2026
==================================================
==================================================
Running block_pipeline_metacache_idxmap_batch4_calcbase_55sp_np4_rep3
Binary: ./bin/Debug/protspam_block_pipeline_metacache_idxmap_batch_calcbase
Variant: block_pipeline_metacache_idxmap_batch4_calcbase
Phase 3 distribution: block
Phase 4 mode: pipeline_metacache_idxmap_batch4
calc_matches: calcbase
Batch size: 4
Filelist: filelist_55
Species: 55
NP: 4
Rep: 3
SLURM_JOB_ID: 8413351
SLURM_JOB_NUM_NODES: 1
SLURM_NTASKS: 64
SLURM_MEM_PER_NODE: 65536
SLURM_NODELIST: ilk-111
Start: Mon Jul 13 02:48:51 AM CEST 2026
==================================================
==================================================
Running block_pipeline_metacache_idxmap_batch4_calcbase_55sp_np8_rep1
Binary: ./bin/Debug/protspam_block_pipeline_metacache_idxmap_batch_calcbase
Variant: block_pipeline_metacache_idxmap_batch4_calcbase
Phase 3 distribution: block
Phase 4 mode: pipeline_metacache_idxmap_batch4
calc_matches: calcbase
Batch size: 4
Filelist: filelist_55
Species: 55
NP: 8
Rep: 1
SLURM_JOB_ID: 8413351
SLURM_JOB_NUM_NODES: 1
SLURM_NTASKS: 64
SLURM_MEM_PER_NODE: 65536
SLURM_NODELIST: ilk-111
Start: Mon Jul 13 03:08:17 AM CEST 2026
==================================================
==================================================
Running block_pipeline_metacache_idxmap_batch4_calcbase_55sp_np8_rep2
Binary: ./bin/Debug/protspam_block_pipeline_metacache_idxmap_batch_calcbase
Variant: block_pipeline_metacache_idxmap_batch4_calcbase
Phase 3 distribution: block
Phase 4 mode: pipeline_metacache_idxmap_batch4
calc_matches: calcbase
Batch size: 4
Filelist: filelist_55
Species: 55
NP: 8
Rep: 2
SLURM_JOB_ID: 8413351
SLURM_JOB_NUM_NODES: 1
SLURM_NTASKS: 64
SLURM_MEM_PER_NODE: 65536
SLURM_NODELIST: ilk-111
Start: Mon Jul 13 03:21:44 AM CEST 2026
==================================================
==================================================
Running block_pipeline_metacache_idxmap_batch4_calcbase_55sp_np8_rep3
Binary: ./bin/Debug/protspam_block_pipeline_metacache_idxmap_batch_calcbase
Variant: block_pipeline_metacache_idxmap_batch4_calcbase
Phase 3 distribution: block
Phase 4 mode: pipeline_metacache_idxmap_batch4
calc_matches: calcbase
Batch size: 4
Filelist: filelist_55
Species: 55
NP: 8
Rep: 3
SLURM_JOB_ID: 8413351
SLURM_JOB_NUM_NODES: 1
SLURM_NTASKS: 64
SLURM_MEM_PER_NODE: 65536
SLURM_NODELIST: ilk-111
Start: Mon Jul 13 03:35:11 AM CEST 2026
==================================================
==================================================
Running block_pipeline_metacache_idxmap_batch4_calcbase_55sp_np16_rep1
Binary: ./bin/Debug/protspam_block_pipeline_metacache_idxmap_batch_calcbase
Variant: block_pipeline_metacache_idxmap_batch4_calcbase
Phase 3 distribution: block
Phase 4 mode: pipeline_metacache_idxmap_batch4
calc_matches: calcbase
Batch size: 4
Filelist: filelist_55
Species: 55
NP: 16
Rep: 1
SLURM_JOB_ID: 8413351
SLURM_JOB_NUM_NODES: 1
SLURM_NTASKS: 64
SLURM_MEM_PER_NODE: 65536
SLURM_NODELIST: ilk-111
Start: Mon Jul 13 03:48:38 AM CEST 2026
==================================================
==================================================
Running block_pipeline_metacache_idxmap_batch4_calcbase_55sp_np16_rep2
Binary: ./bin/Debug/protspam_block_pipeline_metacache_idxmap_batch_calcbase
Variant: block_pipeline_metacache_idxmap_batch4_calcbase
Phase 3 distribution: block
Phase 4 mode: pipeline_metacache_idxmap_batch4
calc_matches: calcbase
Batch size: 4
Filelist: filelist_55
Species: 55
NP: 16
Rep: 2
SLURM_JOB_ID: 8413351
SLURM_JOB_NUM_NODES: 1
SLURM_NTASKS: 64
SLURM_MEM_PER_NODE: 65536
SLURM_NODELIST: ilk-111
Start: Mon Jul 13 03:57:14 AM CEST 2026
==================================================
==================================================
Running block_pipeline_metacache_idxmap_batch4_calcbase_55sp_np16_rep3
Binary: ./bin/Debug/protspam_block_pipeline_metacache_idxmap_batch_calcbase
Variant: block_pipeline_metacache_idxmap_batch4_calcbase
Phase 3 distribution: block
Phase 4 mode: pipeline_metacache_idxmap_batch4
calc_matches: calcbase
Batch size: 4
Filelist: filelist_55
Species: 55
NP: 16
Rep: 3
SLURM_JOB_ID: 8413351
SLURM_JOB_NUM_NODES: 1
SLURM_NTASKS: 64
SLURM_MEM_PER_NODE: 65536
SLURM_NODELIST: ilk-111
Start: Mon Jul 13 04:05:49 AM CEST 2026
==================================================
==================================================
Running block_pipeline_metacache_idxmap_batch4_calcbase_55sp_np32_rep1
Binary: ./bin/Debug/protspam_block_pipeline_metacache_idxmap_batch_calcbase
Variant: block_pipeline_metacache_idxmap_batch4_calcbase
Phase 3 distribution: block
Phase 4 mode: pipeline_metacache_idxmap_batch4
calc_matches: calcbase
Batch size: 4
Filelist: filelist_55
Species: 55
NP: 32
Rep: 1
SLURM_JOB_ID: 8413351
SLURM_JOB_NUM_NODES: 1
SLURM_NTASKS: 64
SLURM_MEM_PER_NODE: 65536
SLURM_NODELIST: ilk-111
Start: Mon Jul 13 04:14:22 AM CEST 2026
==================================================
==================================================
Running block_pipeline_metacache_idxmap_batch4_calcbase_55sp_np32_rep2
Binary: ./bin/Debug/protspam_block_pipeline_metacache_idxmap_batch_calcbase
Variant: block_pipeline_metacache_idxmap_batch4_calcbase
Phase 3 distribution: block
Phase 4 mode: pipeline_metacache_idxmap_batch4
calc_matches: calcbase
Batch size: 4
Filelist: filelist_55
Species: 55
NP: 32
Rep: 2
SLURM_JOB_ID: 8413351
SLURM_JOB_NUM_NODES: 1
SLURM_NTASKS: 64
SLURM_MEM_PER_NODE: 65536
SLURM_NODELIST: ilk-111
Start: Mon Jul 13 04:22:18 AM CEST 2026
==================================================
==================================================
Running block_pipeline_metacache_idxmap_batch4_calcbase_55sp_np32_rep3
Binary: ./bin/Debug/protspam_block_pipeline_metacache_idxmap_batch_calcbase
Variant: block_pipeline_metacache_idxmap_batch4_calcbase
Phase 3 distribution: block
Phase 4 mode: pipeline_metacache_idxmap_batch4
calc_matches: calcbase
Batch size: 4
Filelist: filelist_55
Species: 55
NP: 32
Rep: 3
SLURM_JOB_ID: 8413351
SLURM_JOB_NUM_NODES: 1
SLURM_NTASKS: 64
SLURM_MEM_PER_NODE: 65536
SLURM_NODELIST: ilk-111
Start: Mon Jul 13 04:30:15 AM CEST 2026
==================================================
==================================================
Running block_pipeline_metacache_idxmap_batch4_calcbase_55sp_np64_rep1
Binary: ./bin/Debug/protspam_block_pipeline_metacache_idxmap_batch_calcbase
Variant: block_pipeline_metacache_idxmap_batch4_calcbase
Phase 3 distribution: block
Phase 4 mode: pipeline_metacache_idxmap_batch4
calc_matches: calcbase
Batch size: 4
Filelist: filelist_55
Species: 55
NP: 64
Rep: 1
SLURM_JOB_ID: 8413351
SLURM_JOB_NUM_NODES: 1
SLURM_NTASKS: 64
SLURM_MEM_PER_NODE: 65536
SLURM_NODELIST: ilk-111
Start: Mon Jul 13 04:38:11 AM CEST 2026
==================================================
==================================================
Running block_pipeline_metacache_idxmap_batch4_calcbase_55sp_np64_rep2
Binary: ./bin/Debug/protspam_block_pipeline_metacache_idxmap_batch_calcbase
Variant: block_pipeline_metacache_idxmap_batch4_calcbase
Phase 3 distribution: block
Phase 4 mode: pipeline_metacache_idxmap_batch4
calc_matches: calcbase
Batch size: 4
Filelist: filelist_55
Species: 55
NP: 64
Rep: 2
SLURM_JOB_ID: 8413351
SLURM_JOB_NUM_NODES: 1
SLURM_NTASKS: 64
SLURM_MEM_PER_NODE: 65536
SLURM_NODELIST: ilk-111
Start: Mon Jul 13 04:39:00 AM CEST 2026
==================================================
==================================================
Running block_pipeline_metacache_idxmap_batch4_calcbase_55sp_np64_rep3
Binary: ./bin/Debug/protspam_block_pipeline_metacache_idxmap_batch_calcbase
Variant: block_pipeline_metacache_idxmap_batch4_calcbase
Phase 3 distribution: block
Phase 4 mode: pipeline_metacache_idxmap_batch4
calc_matches: calcbase
Batch size: 4
Filelist: filelist_55
Species: 55
NP: 64
Rep: 3
SLURM_JOB_ID: 8413351
SLURM_JOB_NUM_NODES: 1
SLURM_NTASKS: 64
SLURM_MEM_PER_NODE: 65536
SLURM_NODELIST: ilk-111
Start: Mon Jul 13 04:39:51 AM CEST 2026
==================================================
==================================================
Resumen guardado en: logs_variants_55/resumen_block_pipeline_metacache_idxmap_batch4_calcbase_8413351.tsv
==================================================
variant	bin_name	phase3_dist	phase4_mode	calc_variant	batch_size	job_id	nodes	ntasks_alloc	species	np	rep	status	exit_code	t_phase3_s	t_phase4_s	t_total_program_s	elapsed_seconds	mem_per_node	nodelist	log_file	output_file
block_pipeline_metacache_idxmap_batch4_calcbase	protspam_block_pipeline_metacache_idxmap_batch_calcbase	block	pipeline_metacache_idxmap_batch4	calcbase	4	8413351	1	64	55	1	1	OK	0	786.948	1978.58	2781.1	2785	65536	ilk-111	logs_variants_55/block_pipeline_metacache_idxmap_batch4_calcbase_55sp_np1_rep1_8413351.log	results_variants_55/DMat_block_pipeline_metacache_idxmap_batch4_calcbase_55sp_np1_rep1_8413351
block_pipeline_metacache_idxmap_batch4_calcbase	protspam_block_pipeline_metacache_idxmap_batch_calcbase	block	pipeline_metacache_idxmap_batch4	calcbase	4	8413351	1	64	55	1	2	OK	0	773.024	1983.91	2772.5	2776	65536	ilk-111	logs_variants_55/block_pipeline_metacache_idxmap_batch4_calcbase_55sp_np1_rep2_8413351.log	results_variants_55/DMat_block_pipeline_metacache_idxmap_batch4_calcbase_55sp_np1_rep2_8413351
block_pipeline_metacache_idxmap_batch4_calcbase	protspam_block_pipeline_metacache_idxmap_batch_calcbase	block	pipeline_metacache_idxmap_batch4	calcbase	4	8413351	1	64	55	1	3	OK	0	768.874	1973.12	2757.59	2762	65536	ilk-111	logs_variants_55/block_pipeline_metacache_idxmap_batch4_calcbase_55sp_np1_rep3_8413351.log	results_variants_55/DMat_block_pipeline_metacache_idxmap_batch4_calcbase_55sp_np1_rep3_8413351
block_pipeline_metacache_idxmap_batch4_calcbase	protspam_block_pipeline_metacache_idxmap_batch_calcbase	block	pipeline_metacache_idxmap_batch4	calcbase	4	8413351	1	64	55	2	1	OK	0	349.908	1266.06	1633.11	1635	65536	ilk-111	logs_variants_55/block_pipeline_metacache_idxmap_batch4_calcbase_55sp_np2_rep1_8413351.log	results_variants_55/DMat_block_pipeline_metacache_idxmap_batch4_calcbase_55sp_np2_rep1_8413351
block_pipeline_metacache_idxmap_batch4_calcbase	protspam_block_pipeline_metacache_idxmap_batch_calcbase	block	pipeline_metacache_idxmap_batch4	calcbase	4	8413351	1	64	55	2	2	OK	0	350.47	1266.19	1632.58	1635	65536	ilk-111	logs_variants_55/block_pipeline_metacache_idxmap_batch4_calcbase_55sp_np2_rep2_8413351.log	results_variants_55/DMat_block_pipeline_metacache_idxmap_batch4_calcbase_55sp_np2_rep2_8413351
block_pipeline_metacache_idxmap_batch4_calcbase	protspam_block_pipeline_metacache_idxmap_batch_calcbase	block	pipeline_metacache_idxmap_batch4	calcbase	4	8413351	1	64	55	2	3	OK	0	350.277	1267.61	1633.78	1636	65536	ilk-111	logs_variants_55/block_pipeline_metacache_idxmap_batch4_calcbase_55sp_np2_rep3_8413351.log	results_variants_55/DMat_block_pipeline_metacache_idxmap_batch4_calcbase_55sp_np2_rep3_8413351
block_pipeline_metacache_idxmap_batch4_calcbase	protspam_block_pipeline_metacache_idxmap_batch_calcbase	block	pipeline_metacache_idxmap_batch4	calcbase	4	8413351	1	64	55	4	1	OK	0	146.832	1000.11	1163.61	1166	65536	ilk-111	logs_variants_55/block_pipeline_metacache_idxmap_batch4_calcbase_55sp_np4_rep1_8413351.log	results_variants_55/DMat_block_pipeline_metacache_idxmap_batch4_calcbase_55sp_np4_rep1_8413351
block_pipeline_metacache_idxmap_batch4_calcbase	protspam_block_pipeline_metacache_idxmap_batch_calcbase	block	pipeline_metacache_idxmap_batch4	calcbase	4	8413351	1	64	55	4	2	OK	0	146.862	1000	1163.53	1168	65536	ilk-111	logs_variants_55/block_pipeline_metacache_idxmap_batch4_calcbase_55sp_np4_rep2_8413351.log	results_variants_55/DMat_block_pipeline_metacache_idxmap_batch4_calcbase_55sp_np4_rep2_8413351
block_pipeline_metacache_idxmap_batch4_calcbase	protspam_block_pipeline_metacache_idxmap_batch_calcbase	block	pipeline_metacache_idxmap_batch4	calcbase	4	8413351	1	64	55	4	3	OK	0	146.788	1000.46	1163.92	1166	65536	ilk-111	logs_variants_55/block_pipeline_metacache_idxmap_batch4_calcbase_55sp_np4_rep3_8413351.log	results_variants_55/DMat_block_pipeline_metacache_idxmap_batch4_calcbase_55sp_np4_rep3_8413351
block_pipeline_metacache_idxmap_batch4_calcbase	protspam_block_pipeline_metacache_idxmap_batch_calcbase	block	pipeline_metacache_idxmap_batch4	calcbase	4	8413351	1	64	55	8	1	OK	0	88.422	698.67	803.907	807	65536	ilk-111	logs_variants_55/block_pipeline_metacache_idxmap_batch4_calcbase_55sp_np8_rep1_8413351.log	results_variants_55/DMat_block_pipeline_metacache_idxmap_batch4_calcbase_55sp_np8_rep1_8413351
block_pipeline_metacache_idxmap_batch4_calcbase	protspam_block_pipeline_metacache_idxmap_batch_calcbase	block	pipeline_metacache_idxmap_batch4	calcbase	4	8413351	1	64	55	8	2	OK	0	88.6125	698.465	804.601	807	65536	ilk-111	logs_variants_55/block_pipeline_metacache_idxmap_batch4_calcbase_55sp_np8_rep2_8413351.log	results_variants_55/DMat_block_pipeline_metacache_idxmap_batch4_calcbase_55sp_np8_rep2_8413351
block_pipeline_metacache_idxmap_batch4_calcbase	protspam_block_pipeline_metacache_idxmap_batch_calcbase	block	pipeline_metacache_idxmap_batch4	calcbase	4	8413351	1	64	55	8	3	OK	0	88.5674	698.424	803.815	807	65536	ilk-111	logs_variants_55/block_pipeline_metacache_idxmap_batch4_calcbase_55sp_np8_rep3_8413351.log	results_variants_55/DMat_block_pipeline_metacache_idxmap_batch4_calcbase_55sp_np8_rep3_8413351
block_pipeline_metacache_idxmap_batch4_calcbase	protspam_block_pipeline_metacache_idxmap_batch_calcbase	block	pipeline_metacache_idxmap_batch4	calcbase	4	8413351	1	64	55	16	1	OK	0	57.4129	438.109	512.004	516	65536	ilk-111	logs_variants_55/block_pipeline_metacache_idxmap_batch4_calcbase_55sp_np16_rep1_8413351.log	results_variants_55/DMat_block_pipeline_metacache_idxmap_batch4_calcbase_55sp_np16_rep1_8413351
block_pipeline_metacache_idxmap_batch4_calcbase	protspam_block_pipeline_metacache_idxmap_batch_calcbase	block	pipeline_metacache_idxmap_batch4	calcbase	4	8413351	1	64	55	16	2	OK	0	57.2341	434.388	509.461	515	65536	ilk-111	logs_variants_55/block_pipeline_metacache_idxmap_batch4_calcbase_55sp_np16_rep2_8413351.log	results_variants_55/DMat_block_pipeline_metacache_idxmap_batch4_calcbase_55sp_np16_rep2_8413351
block_pipeline_metacache_idxmap_batch4_calcbase	protspam_block_pipeline_metacache_idxmap_batch_calcbase	block	pipeline_metacache_idxmap_batch4	calcbase	4	8413351	1	64	55	16	3	OK	0	57.386	434.432	508.334	513	65536	ilk-111	logs_variants_55/block_pipeline_metacache_idxmap_batch4_calcbase_55sp_np16_rep3_8413351.log	results_variants_55/DMat_block_pipeline_metacache_idxmap_batch4_calcbase_55sp_np16_rep3_8413351
block_pipeline_metacache_idxmap_batch4_calcbase	protspam_block_pipeline_metacache_idxmap_batch_calcbase	block	pipeline_metacache_idxmap_batch4	calcbase	4	8413351	1	64	55	32	1	OK	0	27.9191	427.365	471.424	476	65536	ilk-111	logs_variants_55/block_pipeline_metacache_idxmap_batch4_calcbase_55sp_np32_rep1_8413351.log	results_variants_55/DMat_block_pipeline_metacache_idxmap_batch4_calcbase_55sp_np32_rep1_8413351
block_pipeline_metacache_idxmap_batch4_calcbase	protspam_block_pipeline_metacache_idxmap_batch_calcbase	block	pipeline_metacache_idxmap_batch4	calcbase	4	8413351	1	64	55	32	2	OK	0	27.8916	427.335	471.334	477	65536	ilk-111	logs_variants_55/block_pipeline_metacache_idxmap_batch4_calcbase_55sp_np32_rep2_8413351.log	results_variants_55/DMat_block_pipeline_metacache_idxmap_batch4_calcbase_55sp_np32_rep2_8413351
block_pipeline_metacache_idxmap_batch4_calcbase	protspam_block_pipeline_metacache_idxmap_batch_calcbase	block	pipeline_metacache_idxmap_batch4	calcbase	4	8413351	1	64	55	32	3	OK	0	27.9106	427.001	471.036	476	65536	ilk-111	logs_variants_55/block_pipeline_metacache_idxmap_batch4_calcbase_55sp_np32_rep3_8413351.log	results_variants_55/DMat_block_pipeline_metacache_idxmap_batch4_calcbase_55sp_np32_rep3_8413351
block_pipeline_metacache_idxmap_batch4_calcbase	protspam_block_pipeline_metacache_idxmap_batch_calcbase	block	pipeline_metacache_idxmap_batch4	calcbase	4	8413351	1	64	55	64	1	FAIL	137	NA	NA	NA	49	65536	ilk-111	logs_variants_55/block_pipeline_metacache_idxmap_batch4_calcbase_55sp_np64_rep1_8413351.log	results_variants_55/DMat_block_pipeline_metacache_idxmap_batch4_calcbase_55sp_np64_rep1_8413351
block_pipeline_metacache_idxmap_batch4_calcbase	protspam_block_pipeline_metacache_idxmap_batch_calcbase	block	pipeline_metacache_idxmap_batch4	calcbase	4	8413351	1	64	55	64	2	FAIL	137	NA	NA	NA	51	65536	ilk-111	logs_variants_55/block_pipeline_metacache_idxmap_batch4_calcbase_55sp_np64_rep2_8413351.log	results_variants_55/DMat_block_pipeline_metacache_idxmap_batch4_calcbase_55sp_np64_rep2_8413351
block_pipeline_metacache_idxmap_batch4_calcbase	protspam_block_pipeline_metacache_idxmap_batch_calcbase	block	pipeline_metacache_idxmap_batch4	calcbase	4	8413351	1	64	55	64	3	FAIL	137	NA	NA	NA	51	65536	ilk-111	logs_variants_55/block_pipeline_metacache_idxmap_batch4_calcbase_55sp_np64_rep3_8413351.log	results_variants_55/DMat_block_pipeline_metacache_idxmap_batch4_calcbase_55sp_np64_rep3_8413351
