slurmstepd: info: Setting TMPDIR to /scratch/8413340. Previous errors about TMPDIR can be discarded
==================================================
Running block_pipeline_metacache_idxmap_calcbase_55sp_np1_rep1
Binary: ./bin/Debug/protspam_block_pipeline_metacache_idxmap_calcbase
Variant: block_pipeline_metacache_idxmap_calcbase
Phase 3 distribution: block
Phase 4 mode: pipeline_metacache_idxmap
calc_matches: calcbase
Batch size: NA
Filelist: filelist_55
Species: 55
NP: 1
Rep: 1
SLURM_JOB_ID: 8413340
SLURM_JOB_NUM_NODES: 1
SLURM_NTASKS: 64
SLURM_MEM_PER_NODE: 65536
SLURM_NODELIST: ilk-75
Start: Sun Jul 12 09:36:53 PM CEST 2026
==================================================
==================================================
Running block_pipeline_metacache_idxmap_calcbase_55sp_np1_rep2
Binary: ./bin/Debug/protspam_block_pipeline_metacache_idxmap_calcbase
Variant: block_pipeline_metacache_idxmap_calcbase
Phase 3 distribution: block
Phase 4 mode: pipeline_metacache_idxmap
calc_matches: calcbase
Batch size: NA
Filelist: filelist_55
Species: 55
NP: 1
Rep: 2
SLURM_JOB_ID: 8413340
SLURM_JOB_NUM_NODES: 1
SLURM_NTASKS: 64
SLURM_MEM_PER_NODE: 65536
SLURM_NODELIST: ilk-75
Start: Sun Jul 12 10:23:24 PM CEST 2026
==================================================
==================================================
Running block_pipeline_metacache_idxmap_calcbase_55sp_np1_rep3
Binary: ./bin/Debug/protspam_block_pipeline_metacache_idxmap_calcbase
Variant: block_pipeline_metacache_idxmap_calcbase
Phase 3 distribution: block
Phase 4 mode: pipeline_metacache_idxmap
calc_matches: calcbase
Batch size: NA
Filelist: filelist_55
Species: 55
NP: 1
Rep: 3
SLURM_JOB_ID: 8413340
SLURM_JOB_NUM_NODES: 1
SLURM_NTASKS: 64
SLURM_MEM_PER_NODE: 65536
SLURM_NODELIST: ilk-75
Start: Sun Jul 12 11:09:30 PM CEST 2026
==================================================
==================================================
Running block_pipeline_metacache_idxmap_calcbase_55sp_np2_rep1
Binary: ./bin/Debug/protspam_block_pipeline_metacache_idxmap_calcbase
Variant: block_pipeline_metacache_idxmap_calcbase
Phase 3 distribution: block
Phase 4 mode: pipeline_metacache_idxmap
calc_matches: calcbase
Batch size: NA
Filelist: filelist_55
Species: 55
NP: 2
Rep: 1
SLURM_JOB_ID: 8413340
SLURM_JOB_NUM_NODES: 1
SLURM_NTASKS: 64
SLURM_MEM_PER_NODE: 65536
SLURM_NODELIST: ilk-75
Start: Sun Jul 12 11:55:25 PM CEST 2026
==================================================
==================================================
Running block_pipeline_metacache_idxmap_calcbase_55sp_np2_rep2
Binary: ./bin/Debug/protspam_block_pipeline_metacache_idxmap_calcbase
Variant: block_pipeline_metacache_idxmap_calcbase
Phase 3 distribution: block
Phase 4 mode: pipeline_metacache_idxmap
calc_matches: calcbase
Batch size: NA
Filelist: filelist_55
Species: 55
NP: 2
Rep: 2
SLURM_JOB_ID: 8413340
SLURM_JOB_NUM_NODES: 1
SLURM_NTASKS: 64
SLURM_MEM_PER_NODE: 65536
SLURM_NODELIST: ilk-75
Start: Mon Jul 13 12:18:34 AM CEST 2026
==================================================
==================================================
Running block_pipeline_metacache_idxmap_calcbase_55sp_np2_rep3
Binary: ./bin/Debug/protspam_block_pipeline_metacache_idxmap_calcbase
Variant: block_pipeline_metacache_idxmap_calcbase
Phase 3 distribution: block
Phase 4 mode: pipeline_metacache_idxmap
calc_matches: calcbase
Batch size: NA
Filelist: filelist_55
Species: 55
NP: 2
Rep: 3
SLURM_JOB_ID: 8413340
SLURM_JOB_NUM_NODES: 1
SLURM_NTASKS: 64
SLURM_MEM_PER_NODE: 65536
SLURM_NODELIST: ilk-75
Start: Mon Jul 13 12:41:42 AM CEST 2026
==================================================
==================================================
Running block_pipeline_metacache_idxmap_calcbase_55sp_np4_rep1
Binary: ./bin/Debug/protspam_block_pipeline_metacache_idxmap_calcbase
Variant: block_pipeline_metacache_idxmap_calcbase
Phase 3 distribution: block
Phase 4 mode: pipeline_metacache_idxmap
calc_matches: calcbase
Batch size: NA
Filelist: filelist_55
Species: 55
NP: 4
Rep: 1
SLURM_JOB_ID: 8413340
SLURM_JOB_NUM_NODES: 1
SLURM_NTASKS: 64
SLURM_MEM_PER_NODE: 65536
SLURM_NODELIST: ilk-75
Start: Mon Jul 13 01:04:53 AM CEST 2026
==================================================
==================================================
Running block_pipeline_metacache_idxmap_calcbase_55sp_np4_rep2
Binary: ./bin/Debug/protspam_block_pipeline_metacache_idxmap_calcbase
Variant: block_pipeline_metacache_idxmap_calcbase
Phase 3 distribution: block
Phase 4 mode: pipeline_metacache_idxmap
calc_matches: calcbase
Batch size: NA
Filelist: filelist_55
Species: 55
NP: 4
Rep: 2
SLURM_JOB_ID: 8413340
SLURM_JOB_NUM_NODES: 1
SLURM_NTASKS: 64
SLURM_MEM_PER_NODE: 65536
SLURM_NODELIST: ilk-75
Start: Mon Jul 13 01:19:40 AM CEST 2026
==================================================
==================================================
Running block_pipeline_metacache_idxmap_calcbase_55sp_np4_rep3
Binary: ./bin/Debug/protspam_block_pipeline_metacache_idxmap_calcbase
Variant: block_pipeline_metacache_idxmap_calcbase
Phase 3 distribution: block
Phase 4 mode: pipeline_metacache_idxmap
calc_matches: calcbase
Batch size: NA
Filelist: filelist_55
Species: 55
NP: 4
Rep: 3
SLURM_JOB_ID: 8413340
SLURM_JOB_NUM_NODES: 1
SLURM_NTASKS: 64
SLURM_MEM_PER_NODE: 65536
SLURM_NODELIST: ilk-75
Start: Mon Jul 13 01:34:27 AM CEST 2026
==================================================
==================================================
Running block_pipeline_metacache_idxmap_calcbase_55sp_np8_rep1
Binary: ./bin/Debug/protspam_block_pipeline_metacache_idxmap_calcbase
Variant: block_pipeline_metacache_idxmap_calcbase
Phase 3 distribution: block
Phase 4 mode: pipeline_metacache_idxmap
calc_matches: calcbase
Batch size: NA
Filelist: filelist_55
Species: 55
NP: 8
Rep: 1
SLURM_JOB_ID: 8413340
SLURM_JOB_NUM_NODES: 1
SLURM_NTASKS: 64
SLURM_MEM_PER_NODE: 65536
SLURM_NODELIST: ilk-75
Start: Mon Jul 13 01:49:14 AM CEST 2026
==================================================
==================================================
Running block_pipeline_metacache_idxmap_calcbase_55sp_np8_rep2
Binary: ./bin/Debug/protspam_block_pipeline_metacache_idxmap_calcbase
Variant: block_pipeline_metacache_idxmap_calcbase
Phase 3 distribution: block
Phase 4 mode: pipeline_metacache_idxmap
calc_matches: calcbase
Batch size: NA
Filelist: filelist_55
Species: 55
NP: 8
Rep: 2
SLURM_JOB_ID: 8413340
SLURM_JOB_NUM_NODES: 1
SLURM_NTASKS: 64
SLURM_MEM_PER_NODE: 65536
SLURM_NODELIST: ilk-75
Start: Mon Jul 13 02:00:55 AM CEST 2026
==================================================
==================================================
Running block_pipeline_metacache_idxmap_calcbase_55sp_np8_rep3
Binary: ./bin/Debug/protspam_block_pipeline_metacache_idxmap_calcbase
Variant: block_pipeline_metacache_idxmap_calcbase
Phase 3 distribution: block
Phase 4 mode: pipeline_metacache_idxmap
calc_matches: calcbase
Batch size: NA
Filelist: filelist_55
Species: 55
NP: 8
Rep: 3
SLURM_JOB_ID: 8413340
SLURM_JOB_NUM_NODES: 1
SLURM_NTASKS: 64
SLURM_MEM_PER_NODE: 65536
SLURM_NODELIST: ilk-75
Start: Mon Jul 13 02:12:36 AM CEST 2026
==================================================
==================================================
Running block_pipeline_metacache_idxmap_calcbase_55sp_np16_rep1
Binary: ./bin/Debug/protspam_block_pipeline_metacache_idxmap_calcbase
Variant: block_pipeline_metacache_idxmap_calcbase
Phase 3 distribution: block
Phase 4 mode: pipeline_metacache_idxmap
calc_matches: calcbase
Batch size: NA
Filelist: filelist_55
Species: 55
NP: 16
Rep: 1
SLURM_JOB_ID: 8413340
SLURM_JOB_NUM_NODES: 1
SLURM_NTASKS: 64
SLURM_MEM_PER_NODE: 65536
SLURM_NODELIST: ilk-75
Start: Mon Jul 13 02:24:16 AM CEST 2026
==================================================
==================================================
Running block_pipeline_metacache_idxmap_calcbase_55sp_np16_rep2
Binary: ./bin/Debug/protspam_block_pipeline_metacache_idxmap_calcbase
Variant: block_pipeline_metacache_idxmap_calcbase
Phase 3 distribution: block
Phase 4 mode: pipeline_metacache_idxmap
calc_matches: calcbase
Batch size: NA
Filelist: filelist_55
Species: 55
NP: 16
Rep: 2
SLURM_JOB_ID: 8413340
SLURM_JOB_NUM_NODES: 1
SLURM_NTASKS: 64
SLURM_MEM_PER_NODE: 65536
SLURM_NODELIST: ilk-75
Start: Mon Jul 13 02:33:43 AM CEST 2026
==================================================
==================================================
Running block_pipeline_metacache_idxmap_calcbase_55sp_np16_rep3
Binary: ./bin/Debug/protspam_block_pipeline_metacache_idxmap_calcbase
Variant: block_pipeline_metacache_idxmap_calcbase
Phase 3 distribution: block
Phase 4 mode: pipeline_metacache_idxmap
calc_matches: calcbase
Batch size: NA
Filelist: filelist_55
Species: 55
NP: 16
Rep: 3
SLURM_JOB_ID: 8413340
SLURM_JOB_NUM_NODES: 1
SLURM_NTASKS: 64
SLURM_MEM_PER_NODE: 65536
SLURM_NODELIST: ilk-75
Start: Mon Jul 13 02:43:11 AM CEST 2026
==================================================
==================================================
Running block_pipeline_metacache_idxmap_calcbase_55sp_np32_rep1
Binary: ./bin/Debug/protspam_block_pipeline_metacache_idxmap_calcbase
Variant: block_pipeline_metacache_idxmap_calcbase
Phase 3 distribution: block
Phase 4 mode: pipeline_metacache_idxmap
calc_matches: calcbase
Batch size: NA
Filelist: filelist_55
Species: 55
NP: 32
Rep: 1
SLURM_JOB_ID: 8413340
SLURM_JOB_NUM_NODES: 1
SLURM_NTASKS: 64
SLURM_MEM_PER_NODE: 65536
SLURM_NODELIST: ilk-75
Start: Mon Jul 13 02:52:38 AM CEST 2026
==================================================
==================================================
Running block_pipeline_metacache_idxmap_calcbase_55sp_np32_rep2
Binary: ./bin/Debug/protspam_block_pipeline_metacache_idxmap_calcbase
Variant: block_pipeline_metacache_idxmap_calcbase
Phase 3 distribution: block
Phase 4 mode: pipeline_metacache_idxmap
calc_matches: calcbase
Batch size: NA
Filelist: filelist_55
Species: 55
NP: 32
Rep: 2
SLURM_JOB_ID: 8413340
SLURM_JOB_NUM_NODES: 1
SLURM_NTASKS: 64
SLURM_MEM_PER_NODE: 65536
SLURM_NODELIST: ilk-75
Start: Mon Jul 13 03:01:36 AM CEST 2026
==================================================
==================================================
Running block_pipeline_metacache_idxmap_calcbase_55sp_np32_rep3
Binary: ./bin/Debug/protspam_block_pipeline_metacache_idxmap_calcbase
Variant: block_pipeline_metacache_idxmap_calcbase
Phase 3 distribution: block
Phase 4 mode: pipeline_metacache_idxmap
calc_matches: calcbase
Batch size: NA
Filelist: filelist_55
Species: 55
NP: 32
Rep: 3
SLURM_JOB_ID: 8413340
SLURM_JOB_NUM_NODES: 1
SLURM_NTASKS: 64
SLURM_MEM_PER_NODE: 65536
SLURM_NODELIST: ilk-75
Start: Mon Jul 13 03:10:34 AM CEST 2026
==================================================
==================================================
Running block_pipeline_metacache_idxmap_calcbase_55sp_np64_rep1
Binary: ./bin/Debug/protspam_block_pipeline_metacache_idxmap_calcbase
Variant: block_pipeline_metacache_idxmap_calcbase
Phase 3 distribution: block
Phase 4 mode: pipeline_metacache_idxmap
calc_matches: calcbase
Batch size: NA
Filelist: filelist_55
Species: 55
NP: 64
Rep: 1
SLURM_JOB_ID: 8413340
SLURM_JOB_NUM_NODES: 1
SLURM_NTASKS: 64
SLURM_MEM_PER_NODE: 65536
SLURM_NODELIST: ilk-75
Start: Mon Jul 13 03:19:33 AM CEST 2026
==================================================
==================================================
Running block_pipeline_metacache_idxmap_calcbase_55sp_np64_rep2
Binary: ./bin/Debug/protspam_block_pipeline_metacache_idxmap_calcbase
Variant: block_pipeline_metacache_idxmap_calcbase
Phase 3 distribution: block
Phase 4 mode: pipeline_metacache_idxmap
calc_matches: calcbase
Batch size: NA
Filelist: filelist_55
Species: 55
NP: 64
Rep: 2
SLURM_JOB_ID: 8413340
SLURM_JOB_NUM_NODES: 1
SLURM_NTASKS: 64
SLURM_MEM_PER_NODE: 65536
SLURM_NODELIST: ilk-75
Start: Mon Jul 13 03:20:21 AM CEST 2026
==================================================
==================================================
Running block_pipeline_metacache_idxmap_calcbase_55sp_np64_rep3
Binary: ./bin/Debug/protspam_block_pipeline_metacache_idxmap_calcbase
Variant: block_pipeline_metacache_idxmap_calcbase
Phase 3 distribution: block
Phase 4 mode: pipeline_metacache_idxmap
calc_matches: calcbase
Batch size: NA
Filelist: filelist_55
Species: 55
NP: 64
Rep: 3
SLURM_JOB_ID: 8413340
SLURM_JOB_NUM_NODES: 1
SLURM_NTASKS: 64
SLURM_MEM_PER_NODE: 65536
SLURM_NODELIST: ilk-75
Start: Mon Jul 13 03:21:12 AM CEST 2026
==================================================
==================================================
Resumen guardado en: logs_variants_55/resumen_block_pipeline_metacache_idxmap_calcbase_8413340.tsv
==================================================
variant	bin_name	phase3_dist	phase4_mode	calc_variant	batch_size	job_id	nodes	ntasks_alloc	species	np	rep	status	exit_code	t_phase3_s	t_phase4_s	t_total_program_s	elapsed_seconds	mem_per_node	nodelist	log_file	output_file
block_pipeline_metacache_idxmap_calcbase	protspam_block_pipeline_metacache_idxmap_calcbase	block	pipeline_metacache_idxmap	calcbase	NA	8413340	1	64	55	1	1	OK	0	791.241	1978.93	2786.15	2791	65536	ilk-75	logs_variants_55/block_pipeline_metacache_idxmap_calcbase_55sp_np1_rep1_8413340.log	results_variants_55/DMat_block_pipeline_metacache_idxmap_calcbase_55sp_np1_rep1_8413340
block_pipeline_metacache_idxmap_calcbase	protspam_block_pipeline_metacache_idxmap_calcbase	block	pipeline_metacache_idxmap	calcbase	NA	8413340	1	64	55	1	2	OK	0	765.392	1981.33	2762.27	2766	65536	ilk-75	logs_variants_55/block_pipeline_metacache_idxmap_calcbase_55sp_np1_rep2_8413340.log	results_variants_55/DMat_block_pipeline_metacache_idxmap_calcbase_55sp_np1_rep2_8413340
block_pipeline_metacache_idxmap_calcbase	protspam_block_pipeline_metacache_idxmap_calcbase	block	pipeline_metacache_idxmap	calcbase	NA	8413340	1	64	55	1	3	OK	0	765.072	1971.38	2751.78	2755	65536	ilk-75	logs_variants_55/block_pipeline_metacache_idxmap_calcbase_55sp_np1_rep3_8413340.log	results_variants_55/DMat_block_pipeline_metacache_idxmap_calcbase_55sp_np1_rep3_8413340
block_pipeline_metacache_idxmap_calcbase	protspam_block_pipeline_metacache_idxmap_calcbase	block	pipeline_metacache_idxmap	calcbase	NA	8413340	1	64	55	2	1	OK	0	350.048	1019.51	1386.18	1389	65536	ilk-75	logs_variants_55/block_pipeline_metacache_idxmap_calcbase_55sp_np2_rep1_8413340.log	results_variants_55/DMat_block_pipeline_metacache_idxmap_calcbase_55sp_np2_rep1_8413340
block_pipeline_metacache_idxmap_calcbase	protspam_block_pipeline_metacache_idxmap_calcbase	block	pipeline_metacache_idxmap	calcbase	NA	8413340	1	64	55	2	2	OK	0	350.04	1019.78	1385.76	1388	65536	ilk-75	logs_variants_55/block_pipeline_metacache_idxmap_calcbase_55sp_np2_rep2_8413340.log	results_variants_55/DMat_block_pipeline_metacache_idxmap_calcbase_55sp_np2_rep2_8413340
block_pipeline_metacache_idxmap_calcbase	protspam_block_pipeline_metacache_idxmap_calcbase	block	pipeline_metacache_idxmap	calcbase	NA	8413340	1	64	55	2	3	OK	0	350.632	1020.03	1386.59	1390	65536	ilk-75	logs_variants_55/block_pipeline_metacache_idxmap_calcbase_55sp_np2_rep3_8413340.log	results_variants_55/DMat_block_pipeline_metacache_idxmap_calcbase_55sp_np2_rep3_8413340
block_pipeline_metacache_idxmap_calcbase	protspam_block_pipeline_metacache_idxmap_calcbase	block	pipeline_metacache_idxmap	calcbase	NA	8413340	1	64	55	4	1	OK	0	147.152	720.745	884.616	887	65536	ilk-75	logs_variants_55/block_pipeline_metacache_idxmap_calcbase_55sp_np4_rep1_8413340.log	results_variants_55/DMat_block_pipeline_metacache_idxmap_calcbase_55sp_np4_rep1_8413340
block_pipeline_metacache_idxmap_calcbase	protspam_block_pipeline_metacache_idxmap_calcbase	block	pipeline_metacache_idxmap	calcbase	NA	8413340	1	64	55	4	2	OK	0	147.066	721.066	884.841	887	65536	ilk-75	logs_variants_55/block_pipeline_metacache_idxmap_calcbase_55sp_np4_rep2_8413340.log	results_variants_55/DMat_block_pipeline_metacache_idxmap_calcbase_55sp_np4_rep2_8413340
block_pipeline_metacache_idxmap_calcbase	protspam_block_pipeline_metacache_idxmap_calcbase	block	pipeline_metacache_idxmap	calcbase	NA	8413340	1	64	55	4	3	OK	0	147.079	721.159	884.943	887	65536	ilk-75	logs_variants_55/block_pipeline_metacache_idxmap_calcbase_55sp_np4_rep3_8413340.log	results_variants_55/DMat_block_pipeline_metacache_idxmap_calcbase_55sp_np4_rep3_8413340
block_pipeline_metacache_idxmap_calcbase	protspam_block_pipeline_metacache_idxmap_calcbase	block	pipeline_metacache_idxmap	calcbase	NA	8413340	1	64	55	8	1	OK	0	88.2345	592.807	697.883	701	65536	ilk-75	logs_variants_55/block_pipeline_metacache_idxmap_calcbase_55sp_np8_rep1_8413340.log	results_variants_55/DMat_block_pipeline_metacache_idxmap_calcbase_55sp_np8_rep1_8413340
block_pipeline_metacache_idxmap_calcbase	protspam_block_pipeline_metacache_idxmap_calcbase	block	pipeline_metacache_idxmap	calcbase	NA	8413340	1	64	55	8	2	OK	0	88.1359	592.749	697.736	700	65536	ilk-75	logs_variants_55/block_pipeline_metacache_idxmap_calcbase_55sp_np8_rep2_8413340.log	results_variants_55/DMat_block_pipeline_metacache_idxmap_calcbase_55sp_np8_rep2_8413340
block_pipeline_metacache_idxmap_calcbase	protspam_block_pipeline_metacache_idxmap_calcbase	block	pipeline_metacache_idxmap	calcbase	NA	8413340	1	64	55	8	3	OK	0	88.0809	592.608	697.529	700	65536	ilk-75	logs_variants_55/block_pipeline_metacache_idxmap_calcbase_55sp_np8_rep3_8413340.log	results_variants_55/DMat_block_pipeline_metacache_idxmap_calcbase_55sp_np8_rep3_8413340
block_pipeline_metacache_idxmap_calcbase	protspam_block_pipeline_metacache_idxmap_calcbase	block	pipeline_metacache_idxmap	calcbase	NA	8413340	1	64	55	16	1	OK	0	54.4931	492.896	563.862	567	65536	ilk-75	logs_variants_55/block_pipeline_metacache_idxmap_calcbase_55sp_np16_rep1_8413340.log	results_variants_55/DMat_block_pipeline_metacache_idxmap_calcbase_55sp_np16_rep1_8413340
block_pipeline_metacache_idxmap_calcbase	protspam_block_pipeline_metacache_idxmap_calcbase	block	pipeline_metacache_idxmap	calcbase	NA	8413340	1	64	55	16	2	OK	0	54.5653	492.648	563.981	568	65536	ilk-75	logs_variants_55/block_pipeline_metacache_idxmap_calcbase_55sp_np16_rep2_8413340.log	results_variants_55/DMat_block_pipeline_metacache_idxmap_calcbase_55sp_np16_rep2_8413340
block_pipeline_metacache_idxmap_calcbase	protspam_block_pipeline_metacache_idxmap_calcbase	block	pipeline_metacache_idxmap	calcbase	NA	8413340	1	64	55	16	3	OK	0	54.4683	492.568	563.523	567	65536	ilk-75	logs_variants_55/block_pipeline_metacache_idxmap_calcbase_55sp_np16_rep3_8413340.log	results_variants_55/DMat_block_pipeline_metacache_idxmap_calcbase_55sp_np16_rep3_8413340
block_pipeline_metacache_idxmap_calcbase	protspam_block_pipeline_metacache_idxmap_calcbase	block	pipeline_metacache_idxmap	calcbase	NA	8413340	1	64	55	32	1	OK	0	26.5245	490.532	533.128	538	65536	ilk-75	logs_variants_55/block_pipeline_metacache_idxmap_calcbase_55sp_np32_rep1_8413340.log	results_variants_55/DMat_block_pipeline_metacache_idxmap_calcbase_55sp_np32_rep1_8413340
block_pipeline_metacache_idxmap_calcbase	protspam_block_pipeline_metacache_idxmap_calcbase	block	pipeline_metacache_idxmap	calcbase	NA	8413340	1	64	55	32	2	OK	0	26.4632	490.66	533.22	538	65536	ilk-75	logs_variants_55/block_pipeline_metacache_idxmap_calcbase_55sp_np32_rep2_8413340.log	results_variants_55/DMat_block_pipeline_metacache_idxmap_calcbase_55sp_np32_rep2_8413340
block_pipeline_metacache_idxmap_calcbase	protspam_block_pipeline_metacache_idxmap_calcbase	block	pipeline_metacache_idxmap	calcbase	NA	8413340	1	64	55	32	3	OK	0	26.4306	490.651	533.178	538	65536	ilk-75	logs_variants_55/block_pipeline_metacache_idxmap_calcbase_55sp_np32_rep3_8413340.log	results_variants_55/DMat_block_pipeline_metacache_idxmap_calcbase_55sp_np32_rep3_8413340
block_pipeline_metacache_idxmap_calcbase	protspam_block_pipeline_metacache_idxmap_calcbase	block	pipeline_metacache_idxmap	calcbase	NA	8413340	1	64	55	64	1	FAIL	137	NA	NA	NA	48	65536	ilk-75	logs_variants_55/block_pipeline_metacache_idxmap_calcbase_55sp_np64_rep1_8413340.log	results_variants_55/DMat_block_pipeline_metacache_idxmap_calcbase_55sp_np64_rep1_8413340
block_pipeline_metacache_idxmap_calcbase	protspam_block_pipeline_metacache_idxmap_calcbase	block	pipeline_metacache_idxmap	calcbase	NA	8413340	1	64	55	64	2	FAIL	137	NA	NA	NA	51	65536	ilk-75	logs_variants_55/block_pipeline_metacache_idxmap_calcbase_55sp_np64_rep2_8413340.log	results_variants_55/DMat_block_pipeline_metacache_idxmap_calcbase_55sp_np64_rep2_8413340
block_pipeline_metacache_idxmap_calcbase	protspam_block_pipeline_metacache_idxmap_calcbase	block	pipeline_metacache_idxmap	calcbase	NA	8413340	1	64	55	64	3	FAIL	137	NA	NA	NA	51	65536	ilk-75	logs_variants_55/block_pipeline_metacache_idxmap_calcbase_55sp_np64_rep3_8413340.log	results_variants_55/DMat_block_pipeline_metacache_idxmap_calcbase_55sp_np64_rep3_8413340
