cesga/2020 unloaded
        Preparing the environment for use of the CESGA 2025 software stack.
        Please rebuild modules cache: module --ignore-cache avail
     
cesga/2025 loaded

The following have been reloaded with a version change:
  1) cesga/2020 => cesga/2025

gcccore/14.3.0 loaded
binutils/2.44 loaded
gcc/14.3.0 loaded
cuda/12.9.1 loaded
hwloc/2.12.2 loaded
ucx/1.19.0 loaded
gdrcopy/2.5 loaded
ucx-cuda/1.19.0-CUDA-12.9.1 loaded
libfabric/2.3.1 loaded
pmix/5.0.9 loaded
prrte/3.0.10 loaded
ucc/1.4.4 loaded
nccl/2.28.9-CUDA-12.9.1 loaded
ucc-cuda/1.4.4-CUDA-12.9.1 loaded
openmpi/5.0.9 loaded
slurmstepd: error: Detected 27 oom-kill event(s) in StepId=8390260.batch. Some of your processes may have been killed by the cgroup out-of-memory handler.
