gcccore/14.3.0 unloaded
binutils/2.44 unloaded
gcc/14.3.0 unloaded
cesga/2025 unloaded
cuda/12.9.1 unloaded
hwloc/2.12.2 unloaded
ucx/1.19.0 unloaded
gdrcopy/2.5 unloaded
ucx-cuda/1.19.0-CUDA-12.9.1 unloaded
libfabric/2.3.1 unloaded
pmix/5.0.9 unloaded
prrte/3.0.10 unloaded
ucc/1.4.4 unloaded
nccl/2.28.9-CUDA-12.9.1 unloaded
ucc-cuda/1.4.4-CUDA-12.9.1 unloaded
openmpi/5.0.9 unloaded
        Preparing the environment for use of the CESGA 2025 software stack.
        Please rebuild modules cache: module --ignore-cache avail
     
cesga/2025 loaded
cuda/12.9.1 loaded

Inactive Modules:
  1) gdrcopy/2.5                 7) prrte/3.0.10
  2) hwloc/2.12.2                8) ucc-cuda/1.4.4-CUDA-12.9.1
  3) libfabric/2.3.1             9) ucc/1.4.4
  4) nccl/2.28.9-CUDA-12.9.1    10) ucx-cuda/1.19.0-CUDA-12.9.1
  5) openmpi/5.0.9              11) ucx/1.19.0
  6) pmix/5.0.9

gcccore/14.3.0 loaded
binutils/2.44 loaded
gcc/14.3.0 loaded
hwloc/2.12.2 loaded
ucx/1.19.0 loaded
gdrcopy/2.5 loaded
ucx-cuda/1.19.0-CUDA-12.9.1 loaded
libfabric/2.3.1 loaded
pmix/5.0.9 loaded
prrte/3.0.10 loaded
ucc/1.4.4 loaded
nccl/2.28.9-CUDA-12.9.1 loaded
ucc-cuda/1.4.4-CUDA-12.9.1 loaded
openmpi/5.0.9 loaded

Activating Modules:
  1) gdrcopy/2.5                 7) prrte/3.0.10
  2) hwloc/2.12.2                8) ucc-cuda/1.4.4-CUDA-12.9.1
  3) libfabric/2.3.1             9) ucc/1.4.4
  4) nccl/2.28.9-CUDA-12.9.1    10) ucx-cuda/1.19.0-CUDA-12.9.1
  5) openmpi/5.0.9              11) ucx/1.19.0
  6) pmix/5.0.9

openmpi/5.0.9 unloaded
openmpi/5.0.9 loaded
slurmstepd: error: Detected 21 oom-kill event(s) in StepId=8387517.batch. Some of your processes may have been killed by the cgroup out-of-memory handler.
